ERROR: valid [SEQ_FEAT.NoStop] Missing stop codon FEATURE: CDS: NADH dehydrogenase subunit 4 [lcl|ARCASP007:<1-658] [lcl|ARCASP007: raw, dna len= 658] -> [gnl|NCBIFILE|Ctenotus_ND4_Jan14/ARCASP007_1]
ERROR: valid [SEQ_FEAT.NoStop] Missing stop codon FEATURE: CDS: NADH dehydrogenase subunit 4 [lcl|COGGSP075:<1-602] [lcl|COGGSP075: raw, dna len= 602] -> [gnl|NCBIFILE|Ctenotus_ND4_Jan14/COGGSP075_1]
ERROR: valid [SEQ_FEAT.NoStop] Missing stop codon FEATURE: CDS: NADH dehydrogenase subunit 4 [lcl|ESSIA72811:<1-672] [lcl|ESSIA72811: raw, dna len= 672] -> [gnl|NCBIFILE|Ctenotus_ND4_Jan14/ESSIA72811_1]
ERROR: valid [SEQ_FEAT.NoStop] Missing stop codon FEATURE: CDS: NADH dehydrogenase subunit 4 [lcl|EUTAA77199:<1-672] [lcl|EUTAA77199: raw, dna len= 672] -> [gnl|NCBIFILE|Ctenotus_ND4_Jan14/EUTAA77199_1]
ERROR: valid [SEQ_FEAT.NoStop] Missing stop codon FEATURE: CDS: NADH dehydrogenase subunit 4 [lcl|GAGUSP082:<1-672] [lcl|GAGUSP082: raw, dna len= 672] -> [gnl|NCBIFILE|Ctenotus_ND4_Jan14/GAGUSP082_1]
ERROR: valid [SEQ_FEAT.NoStop] Missing stop codon FEATURE: CDS: NADH dehydrogenase subunit 4 [lcl|GEMMW140514:<1-671] [lcl|GEMMW140514: raw, dna len= 671] -> [gnl|NCBIFILE|Ctenotus_ND4_Jan14/GEMMW140514_1]
ERROR: valid [SEQ_FEAT.NoStop] Missing stop codon FEATURE: CDS: NADH dehydrogenase subunit 4 [lcl|HILLA81196:<1-612] [lcl|HILLA81196: raw, dna len= 612] -> [gnl|NCBIFILE|Ctenotus_ND4_Jan14/HILLA81196_1]
ERROR: valid [SEQ_FEAT.TransLen] Coding region extends 1 base(s) past stop codon FEATURE: CDS: NADH dehydrogenase subunit 4 [lcl|LEONA70645:<1-673] [lcl|LEONA70645: raw, dna len= 673] -> [gnl|NCBIFILE|Ctenotus_ND4_Jan14/LEONA70645_1]
ERROR: valid [SEQ_FEAT.TransLen] Coding region extends 1 base(s) past stop codon FEATURE: CDS: NADH dehydrogenase subunit 4 [lcl|MARYW158428:<1-673] [lcl|MARYW158428: raw, dna len= 673] -> [gnl|NCBIFILE|Ctenotus_ND4_Jan14/MARYW158428_1]
ERROR: valid [SEQ_FEAT.TransLen] Coding region extends 1 base(s) past stop codon FEATURE: CDS: NADH dehydrogenase subunit 4 [lcl|TANTW152013:<1-673] [lcl|TANTW152013: raw, dna len= 673] -> [gnl|NCBIFILE|Ctenotus_ND4_Jan14/TANTW152013_1]
ERROR: valid [SEQ_FEAT.NoStop] Missing stop codon FEATURE: CDS: NADH dehydrogenase subunit 4 [lcl|MILIA29855:<1-673] [lcl|MILIA29855: raw, dna len= 673] -> [gnl|NCBIFILE|Ctenotus_ND4_Jan14/MILIA29855_1]
ERROR: valid [SEQ_FEAT.TransLen] Coding region extends 1 base(s) past stop codon FEATURE: CDS: NADH dehydrogenase subunit 4 [lcl|NIGRW139385:<1-673] [lcl|NIGRW139385: raw, dna len= 673] -> [gnl|NCBIFILE|Ctenotus_ND4_Jan14/NIGRW139385_1]
ERROR: valid [SEQ_FEAT.TransLen] Coding region extends 1 base(s) past stop codon FEATURE: CDS: NADH dehydrogenase subunit 4 [lcl|NULLSP042:<1-673] [lcl|NULLSP042: raw, dna len= 673] -> [gnl|NCBIFILE|Ctenotus_ND4_Jan14/NULLSP042_1]
ERROR: valid [SEQ_FEAT.TransLen] Coding region extends 1 base(s) past stop codon FEATURE: CDS: NADH dehydrogenase subunit 4 [lcl|OLYMA70320:<1-673] [lcl|OLYMA70320: raw, dna len= 673] -> [gnl|NCBIFILE|Ctenotus_ND4_Jan14/OLYMA70320_1]
ERROR: valid [SEQ_FEAT.NoStop] Missing stop codon FEATURE: CDS: NADH dehydrogenase subunit 4 [lcl|PULCA82411:<1-673] [lcl|PULCA82411: raw, dna len= 673] -> [gnl|NCBIFILE|Ctenotus_ND4_Jan14/PULCA82411_1]
ERROR: valid [SEQ_FEAT.TransLen] Coding region extends 1 base(s) past stop codon FEATURE: CDS: NADH dehydrogenase subunit 4 [lcl|QUATDLR0005:<1-673] [lcl|QUATDLR0005: raw, dna len= 673] -> [gnl|NCBIFILE|Ctenotus_ND4_Jan14/QUATDLR0005_1]
ERROR: valid [SEQ_FEAT.TransLen] Coding region extends 1 base(s) past stop codon FEATURE: CDS: NADH dehydrogenase subunit 4 [lcl|QUATDLR0472:<1-673] [lcl|QUATDLR0472: raw, dna len= 673] -> [gnl|NCBIFILE|Ctenotus_ND4_Jan14/QUATDLR0472_1]
ERROR: valid [SEQ_FEAT.TransLen] Coding region extends 1 base(s) past stop codon FEATURE: CDS: NADH dehydrogenase subunit 4 [lcl|QUINA105817:<1-673] [lcl|QUINA105817: raw, dna len= 673] -> [gnl|NCBIFILE|Ctenotus_ND4_Jan14/QUINA105817_1]
ERROR: valid [SEQ_FEAT.TransLen] Coding region extends 1 base(s) past stop codon FEATURE: CDS: NADH dehydrogenase subunit 4 [lcl|RAWLA24819:<1-673] [lcl|RAWLA24819: raw, dna len= 673] -> [gnl|NCBIFILE|Ctenotus_ND4_Jan14/RAWLA24819_1]
ERROR: valid [SEQ_FEAT.NoStop] Missing stop codon FEATURE: CDS: NADH dehydrogenase subunit 4 [lcl|REGIA74522:<1-673] [lcl|REGIA74522: raw, dna len= 673] -> [gnl|NCBIFILE|Ctenotus_ND4_Jan14/REGIA74522_1]
ERROR: valid [SEQ_FEAT.NoStop] Missing stop codon FEATURE: CDS: NADH dehydrogenase subunit 4 [lcl|RIMAW126010:<1-673] [lcl|RIMAW126010: raw, dna len= 673] -> [gnl|NCBIFILE|Ctenotus_ND4_Jan14/RIMAW126010_1]
ERROR: valid [SEQ_FEAT.TransLen] Coding region extends 1 base(s) past stop codon FEATURE: CDS: NADH dehydrogenase subunit 4 [lcl|ROBUA58575:<1-673] [lcl|ROBUA58575: raw, dna len= 673] -> [gnl|NCBIFILE|Ctenotus_ND4_Jan14/ROBUA58575_1]
ERROR: valid [SEQ_FEAT.TransLen] Coding region extends 1 base(s) past stop codon FEATURE: CDS: NADH dehydrogenase subunit 4 [lcl|RUFEW158405:<1-673] [lcl|RUFEW158405: raw, dna len= 673] -> [gnl|NCBIFILE|Ctenotus_ND4_Jan14/RUFEW158405_1]
ERROR: valid [SEQ_FEAT.TransLen] Coding region extends 1 base(s) past stop codon FEATURE: CDS: NADH dehydrogenase subunit 4 [lcl|RUTISP039:<1-673] [lcl|RUTISP039: raw, dna len= 673] -> [gnl|NCBIFILE|Ctenotus_ND4_Jan14/RUTISP039_1]
ERROR: valid [SEQ_INST.StopInProtein] [29] termination symbols in protein sequence (ND4 - NADH dehydrogenase subunit 4) BIOSEQ: gnl|NCBIFILE|Ctenotus_ND4_Jan14/SCHOA91560_1: raw, aa len= 213
ERROR: valid [SEQ_FEAT.InternalStop] 29 internal stops. Genetic code [2] FEATURE: CDS: NADH dehydrogenase subunit 4 [lcl|SCHOA91560:<1-639] [lcl|SCHOA91560: raw, dna len= 639] -> [gnl|NCBIFILE|Ctenotus_ND4_Jan14/SCHOA91560_1]
ERROR: valid [SEQ_FEAT.TransLen] Coding region extends 1 base(s) past stop codon FEATURE: CDS: NADH dehydrogenase subunit 4 [lcl|SERVW139164:<1-673] [lcl|SERVW139164: raw, dna len= 673] -> [gnl|NCBIFILE|Ctenotus_ND4_Jan14/SERVW139164_1]
ERROR: valid [SEQ_FEAT.TransLen] Coding region extends 1 base(s) past stop codon FEATURE: CDS: NADH dehydrogenase subunit 4 [lcl|SEVEW156159:<1-673] [lcl|SEVEW156159: raw, dna len= 673] -> [gnl|NCBIFILE|Ctenotus_ND4_Jan14/SEVEW156159_1]
ERROR: valid [SEQ_FEAT.TransLen] Coding region extends 1 base(s) past stop codon FEATURE: CDS: NADH dehydrogenase subunit 4 [lcl|STORA29119:<1-673] [lcl|STORA29119: raw, dna len= 673] -> [gnl|NCBIFILE|Ctenotus_ND4_Jan14/STORA29119_1]
ERROR: valid [SEQ_FEAT.TransLen] Coding region extends 1 base(s) past stop codon FEATURE: CDS: NADH dehydrogenase subunit 4 [lcl|STRASP107:<1-673] [lcl|STRASP107: raw, dna len= 673] -> [gnl|NCBIFILE|Ctenotus_ND4_Jan14/STRASP107_1]
ERROR: valid [SEQ_FEAT.NoStop] Missing stop codon FEATURE: CDS: NADH dehydrogenase subunit 4 [lcl|STRIA30403:<1-673] [lcl|STRIA30403: raw, dna len= 673] -> [gnl|NCBIFILE|Ctenotus_ND4_Jan14/STRIA30403_1]
ERROR: valid [SEQ_FEAT.NoStop] Missing stop codon FEATURE: CDS: NADH dehydrogenase subunit 4 [lcl|STRIA28714:<1-673] [lcl|STRIA28714: raw, dna len= 673] -> [gnl|NCBIFILE|Ctenotus_ND4_Jan14/STRIA28714_1]
ERROR: valid [SEQ_FEAT.TransLen] Coding region extends 1 base(s) past stop codon FEATURE: CDS: NADH dehydrogenase subunit 4 [lcl|STUAA28268:<1-673] [lcl|STUAA28268: raw, dna len= 673] -> [gnl|NCBIFILE|Ctenotus_ND4_Jan14/STUAA28268_1]
ERROR: valid [SEQ_FEAT.TransLen] Coding region extends 1 base(s) past stop codon FEATURE: CDS: NADH dehydrogenase subunit 4 [lcl|TAENA34819:<1-673] [lcl|TAENA34819: raw, dna len= 673] -> [gnl|NCBIFILE|Ctenotus_ND4_Jan14/TAENA34819_1]
ERROR: valid [SEQ_FEAT.TransLen] Coding region extends 1 base(s) past stop codon FEATURE: CDS: NADH dehydrogenase subunit 4 [lcl|TANAW110634:<1-673] [lcl|TANAW110634: raw, dna len= 673] -> [gnl|NCBIFILE|Ctenotus_ND4_Jan14/TANAW110634_1]
ERROR: valid [SEQ_FEAT.NoStop] Missing stop codon FEATURE: CDS: NADH dehydrogenase subunit 4 [lcl|TANTW151014:<1-673] [lcl|TANTW151014: raw, dna len= 673] -> [gnl|NCBIFILE|Ctenotus_ND4_Jan14/TANTW151014_1]
ERROR: valid [SEQ_FEAT.TransLen] Coding region extends 1 base(s) past stop codon FEATURE: CDS: NADH dehydrogenase subunit 4 [lcl|TERRSP061:<1-673] [lcl|TERRSP061: raw, dna len= 673] -> [gnl|NCBIFILE|Ctenotus_ND4_Jan14/TERRSP061_1]
ERROR: valid [SEQ_FEAT.TransLen] Coding region extends 1 base(s) past stop codon FEATURE: CDS: NADH dehydrogenase subunit 4 [lcl|UBERW154802:<1-673] [lcl|UBERW154802: raw, dna len= 673] -> [gnl|NCBIFILE|Ctenotus_ND4_Jan14/UBERW154802_1]
ERROR: valid [SEQ_FEAT.TransLen] Coding region extends 1 base(s) past stop codon FEATURE: CDS: NADH dehydrogenase subunit 4 [lcl|VERTA28532:<1-673] [lcl|VERTA28532: raw, dna len= 673] -> [gnl|NCBIFILE|Ctenotus_ND4_Jan14/VERTA28532_1]
ERROR: valid [SEQ_FEAT.TransLen] Coding region extends 1 base(s) past stop codon FEATURE: CDS: NADH dehydrogenase subunit 4 [lcl|XENOW141025:<1-673] [lcl|XENOW141025: raw, dna len= 673] -> [gnl|NCBIFILE|Ctenotus_ND4_Jan14/XENOW141025_1]
ERROR: valid [SEQ_FEAT.TransLen] Coding region extends 1 base(s) past stop codon FEATURE: CDS: NADH dehydrogenase subunit 4 [lcl|YAMPSP064:<1-673] [lcl|YAMPSP064: raw, dna len= 673] -> [gnl|NCBIFILE|Ctenotus_ND4_Jan14/YAMPSP064_1]
ERROR: valid [SEQ_FEAT.TransLen] Coding region extends 1 base(s) past stop codon FEATURE: CDS: NADH dehydrogenase subunit 4 [lcl|ZASTSP114:<1-673] [lcl|ZASTSP114: raw, dna len= 673] -> [gnl|NCBIFILE|Ctenotus_ND4_Jan14/ZASTSP114_1]
ERROR: valid [SEQ_FEAT.TransLen] Coding region extends 1 base(s) past stop codon FEATURE: CDS: NADH dehydrogenase subunit 4 [lcl|ZEBRA77032:<1-673] [lcl|ZEBRA77032: raw, dna len= 673] -> [gnl|NCBIFILE|Ctenotus_ND4_Jan14/ZEBRA77032_1]
ERROR: valid [SEQ_INST.BadProteinStart] gap symbol at start of protein sequence (cytb - cytochrome b) BIOSEQ: gnl|NCBIFILE|Ctenotus_cytb_Jan14/BURBW105740_1: raw, aa len= 240
ERROR: valid [SEQ_FEAT.StartCodon] Illegal start codon used. Wrong genetic code [2] or protein should be partial FEATURE: CDS: cytochrome b [lcl|BURBW105740_2:1-723] [lcl|BURBW105740_2: raw, dna len= 723] -> [gnl|NCBIFILE|Ctenotus_cytb_Jan14/BURBW105740_1]
ERROR: valid [SEQ_INST.StopInProtein] [1] termination symbols in protein sequence (cytb - cytochrome b) BIOSEQ: gnl|NCBIFILE|Ctenotus_cytb_Jan14/MIMEW146927_1: raw, aa len= 380
ERROR: valid [SEQ_FEAT.InternalStop] 1 internal stops. Genetic code [2] FEATURE: CDS: cytochrome b [lcl|MIMEW146927_2:1-1143] [lcl|MIMEW146927_2: raw, dna len= 1143] -> [gnl|NCBIFILE|Ctenotus_cytb_Jan14/MIMEW146927_1]
ERROR: valid [SEQ_FEAT.NoStop] Missing stop codon FEATURE: CDS: cytochrome b [lcl|ROBUA58575_2:1-1081] [lcl|ROBUA58575_2: raw, dna len= 1081] -> [gnl|NCBIFILE|Ctenotus_cytb_Jan14/ROBUA58575_1]
ERROR: valid [SEQ_FEAT.NoStop] Missing stop codon FEATURE: CDS: cytochrome b [lcl|RUFEW158405_2:1-1073] [lcl|RUFEW158405_2: raw, dna len= 1073] -> [gnl|NCBIFILE|Ctenotus_cytb_Jan14/RUFEW158405_1]
ERROR: valid [SEQ_INST.StopInProtein] [2] termination symbols in protein sequence (cytb - cytochrome b) BIOSEQ: gnl|NCBIFILE|Ctenotus_cytb_Jan14/SCHEA08986_1: raw, aa len= 380
ERROR: valid [SEQ_FEAT.InternalStop] 2 internal stops. Genetic code [2] FEATURE: CDS: cytochrome b [lcl|SCHEA08986:1-1143] [lcl|SCHEA08986: raw, dna len= 1143] -> [gnl|NCBIFILE|Ctenotus_cytb_Jan14/SCHEA08986_1]
ERROR: valid [SEQ_INST.StopInProtein] [1] termination symbols in protein sequence (cytb - cytochrome b) BIOSEQ: gnl|NCBIFILE|Ctenotus_cytb_Jan14/STRIA30403_1: raw, aa len= 380
ERROR: valid [SEQ_FEAT.InternalStop] 1 internal stops. Genetic code [2] FEATURE: CDS: cytochrome b [lcl|STRIA30403_2:1-1143] [lcl|STRIA30403_2: raw, dna len= 1143] -> [gnl|NCBIFILE|Ctenotus_cytb_Jan14/STRIA30403_1]
ERROR: valid [SEQ_INST.StopInProtein] [1] termination symbols in protein sequence (cytb - cytochrome b) BIOSEQ: gnl|NCBIFILE|Ctenotus_cytb_Jan14/TANTW151014_1: raw, aa len= 380
ERROR: valid [SEQ_FEAT.InternalStop] 1 internal stops. Genetic code [2] FEATURE: CDS: cytochrome b [lcl|TANTW151014_2:1-1143] [lcl|TANTW151014_2: raw, dna len= 1143] -> [gnl|NCBIFILE|Ctenotus_cytb_Jan14/TANTW151014_1]
ERROR: valid [SEQ_FEAT.NoStop] Missing stop codon FEATURE: CDS: cytochrome b [lcl|VERTA28532_2:1-776] [lcl|VERTA28532_2: raw, dna len= 776] -> [gnl|NCBIFILE|Ctenotus_cytb_Jan14/VERTA28532_1]
ERROR: valid [SEQ_FEAT.NoStop] Missing stop codon FEATURE: CDS: ATPSB [lcl|AGRESP002_3:<1-52] [lcl|AGRESP002_3: raw, dna len= 512] -> [gnl|NCBIFILE|Ctenotus_ATP_Jan14a/AGRESP002_1]
ERROR: valid [SEQ_FEAT.NoStop] Missing stop codon FEATURE: CDS: ATPSB [lcl|ALACA30300_4:<1-52] [lcl|ALACA30300_4: raw, dna len= 510] -> [gnl|NCBIFILE|Ctenotus_ATP_Jan14a/ALACA30300_1]
ERROR: valid [SEQ_FEAT.NoStop] Missing stop codon FEATURE: CDS: ATPSB [lcl|ALLEW121106_4:<1-52] [lcl|ALLEW121106_4: raw, dna len= 510] -> [gnl|NCBIFILE|Ctenotus_ATP_Jan14a/ALLEW121106_1]
ERROR: valid [SEQ_FEAT.NoStop] Missing stop codon FEATURE: CDS: ATPSB [lcl|ALLOA59698_4:<1-52] [lcl|ALLOA59698_4: raw, dna len= 447] -> [gnl|NCBIFILE|Ctenotus_ATP_Jan14a/ALLOA59698_1]
ERROR: valid [SEQ_FEAT.NoStop] Missing stop codon FEATURE: CDS: ATPSB [lcl|ANGUW104349_4:<1-52] [lcl|ANGUW104349_4: raw, dna len= 510] -> [gnl|NCBIFILE|Ctenotus_ATP_Jan14a/ANGUW104349_1]
ERROR: valid [SEQ_FEAT.NoStop] Missing stop codon FEATURE: CDS: ATPSB [lcl|ANIASP040_4:<1-52] [lcl|ANIASP040_4: raw, dna len= 506] -> [gnl|NCBIFILE|Ctenotus_ATP_Jan14a/ANIASP040_1]
ERROR: valid [SEQ_FEAT.NoStop] Missing stop codon FEATURE: CDS: ATPSB [lcl|ARANSP006_4:<1-53] [lcl|ARANSP006_4: raw, dna len= 516] -> [gnl|NCBIFILE|Ctenotus_ATP_Jan14a/ARANSP006_1]
ERROR: valid [SEQ_FEAT.NoStop] Missing stop codon FEATURE: CDS: ATPSB [lcl|ARCASP007_4:<1-53] [lcl|ARCASP007_4: raw, dna len= 515] -> [gnl|NCBIFILE|Ctenotus_ATP_Jan14a/ARCASP007_1]
ERROR: valid [SEQ_FEAT.NoStop] Missing stop codon FEATURE: CDS: ATPSB [lcl|ARNHA29158_4:<1-46] [lcl|ARNHA29158_4: raw, dna len= 509] -> [gnl|NCBIFILE|Ctenotus_ATP_Jan14a/ARNHA29158_1]
ERROR: valid [SEQ_FEAT.NoStop] Missing stop codon FEATURE: CDS: ATPSB [lcl|ASTAA09043_4:<1-52] [lcl|ASTAA09043_4: raw, dna len= 470] -> [gnl|NCBIFILE|Ctenotus_ATP_Jan14a/ASTAA09043_1]
ERROR: valid [SEQ_FEAT.NoStop] Missing stop codon FEATURE: CDS: ATPSB [lcl|ATLAA95722_4:<1-52] [lcl|ATLAA95722_4: raw, dna len= 521] -> [gnl|NCBIFILE|Ctenotus_ATP_Jan14a/ATLAA95722_1]
ERROR: valid [SEQ_FEAT.NoStop] Missing stop codon FEATURE: CDS: ATPSB [lcl|BOREA29698_4:<1-47] [lcl|BOREA29698_4: raw, dna len= 498] -> [gnl|NCBIFILE|Ctenotus_ATP_Jan14a/BOREA29698_1]
ERROR: valid [SEQ_FEAT.NoStop] Missing stop codon FEATURE: CDS: ATPSB [lcl|BURBW105740_4:<1-52] [lcl|BURBW105740_4: raw, dna len= 509] -> [gnl|NCBIFILE|Ctenotus_ATP_Jan14a/BURBW105740_1]
ERROR: valid [SEQ_FEAT.NoStop] Missing stop codon FEATURE: CDS: ATPSB [lcl|CATEW117161_4:<1-52] [lcl|CATEW117161_4: raw, dna len= 521] -> [gnl|NCBIFILE|Ctenotus_ATP_Jan14a/CATEW117161_1]
ERROR: valid [SEQ_FEAT.NoStop] Missing stop codon FEATURE: CDS: ATPSB [lcl|COGGSP075_4:<1-52] [lcl|COGGSP075_4: raw, dna len= 510] -> [gnl|NCBIFILE|Ctenotus_ATP_Jan14a/COGGSP075_1]
ERROR: valid [SEQ_FEAT.NoStop] Missing stop codon FEATURE: CDS: ATPSB [lcl|COGGA29190_4:<1-52] [lcl|COGGA29190_4: raw, dna len= 481] -> [gnl|NCBIFILE|Ctenotus_ATP_Jan14a/COGGA29190_1]
ERROR: valid [SEQ_FEAT.NoStop] Missing stop codon FEATURE: CDS: ATPSB [lcl|COLLW146035_4:<1-52] [lcl|COLLW146035_4: raw, dna len= 492] -> [gnl|NCBIFILE|Ctenotus_ATP_Jan14a/COLLW146035_1]
ERROR: valid [SEQ_FEAT.NoStop] Missing stop codon FEATURE: CDS: ATPSB [lcl|DECAW119683_4:<1-52] [lcl|DECAW119683_4: raw, dna len= 515] -> [gnl|NCBIFILE|Ctenotus_ATP_Jan14a/DECAW119683_1]
ERROR: valid [SEQ_FEAT.NoStop] Missing stop codon FEATURE: CDS: ATPSB [lcl|DECAA29234_4:<1-52] [lcl|DECAA29234_4: raw, dna len= 514] -> [gnl|NCBIFILE|Ctenotus_ATP_Jan14a/DECAA29234_1]
ERROR: valid [SEQ_FEAT.NoStop] Missing stop codon FEATURE: CDS: ATPSB [lcl|DELLSP078_4:<1-52] [lcl|DELLSP078_4: raw, dna len= 522] -> [gnl|NCBIFILE|Ctenotus_ATP_Jan14a/DELLSP078_1]
ERROR: valid [SEQ_FEAT.NoStop] Missing stop codon FEATURE: CDS: ATPSB [lcl|EHMASP018_4:<1-52] [lcl|EHMASP018_4: raw, dna len= 489] -> [gnl|NCBIFILE|Ctenotus_ATP_Jan14a/EHMASP018_1]
ERROR: valid [SEQ_FEAT.NoStop] Missing stop codon FEATURE: CDS: ATPSB [lcl|ESSIA29726_4:<1-52] [lcl|ESSIA29726_4: raw, dna len= 520] -> [gnl|NCBIFILE|Ctenotus_ATP_Jan14a/ESSIA29726_1]
ERROR: valid [SEQ_FEAT.NoStop] Missing stop codon FEATURE: CDS: ATPSB [lcl|ESSIA72811_4:<1-52] [lcl|ESSIA72811_4: raw, dna len= 513] -> [gnl|NCBIFILE|Ctenotus_ATP_Jan14a/ESSIA72811_1]
ERROR: valid [SEQ_FEAT.NoStop] Missing stop codon FEATURE: CDS: ATPSB [lcl|EUCLA58330_4:<1-52] [lcl|EUCLA58330_4: raw, dna len= 516] -> [gnl|NCBIFILE|Ctenotus_ATP_Jan14a/EUCLA58330_1]
ERROR: valid [SEQ_FEAT.NoStop] Missing stop codon FEATURE: CDS: ATPSB [lcl|EURYA04001_4:<1-52] [lcl|EURYA04001_4: raw, dna len= 514] -> [gnl|NCBIFILE|Ctenotus_ATP_Jan14a/EURYA04001_1]
ERROR: valid [SEQ_FEAT.NoStop] Missing stop codon FEATURE: CDS: ATPSB [lcl|EUTAA77199_4:<1-52] [lcl|EUTAA77199_4: raw, dna len= 525] -> [gnl|NCBIFILE|Ctenotus_ATP_Jan14a/EUTAA77199_1]
ERROR: valid [SEQ_FEAT.SuspiciousFrame] Suspicious CDS location - frame > 1 but not 5' partial FEATURE: CDS: ATPSB [lcl|FALLW131018_4:1-52] [lcl|FALLW131018_4: raw, dna len= 515] -> [gnl|NCBIFILE|Ctenotus_ATP_Jan14a/FALLW131018_1]
ERROR: valid [SEQ_FEAT.NoStop] Missing stop codon FEATURE: CDS: ATPSB [lcl|FALLW131018_4:1-52] [lcl|FALLW131018_4: raw, dna len= 515] -> [gnl|NCBIFILE|Ctenotus_ATP_Jan14a/FALLW131018_1]
ERROR: valid [SEQ_FEAT.NoStop] Missing stop codon FEATURE: CDS: ATPSB [lcl|GAGUSP082_4:<1-52] [lcl|GAGUSP082_4: raw, dna len= 508] -> [gnl|NCBIFILE|Ctenotus_ATP_Jan14a/GAGUSP082_1]
ERROR: valid [SEQ_FEAT.NoStop] Missing stop codon FEATURE: CDS: ATPSB [lcl|GEMMW140514_4:<1-52] [lcl|GEMMW140514_4: raw, dna len= 512] -> [gnl|NCBIFILE|Ctenotus_ATP_Jan14a/GEMMW140514_1]
ERROR: valid [SEQ_FEAT.NoStop] Missing stop codon FEATURE: CDS: ATPSB [lcl|HILLA81196_4:<1-52] [lcl|HILLA81196_4: raw, dna len= 507] -> [gnl|NCBIFILE|Ctenotus_ATP_Jan14a/HILLA81196_1]
ERROR: valid [SEQ_FEAT.NoStop] Missing stop codon FEATURE: CDS: ATPSB [lcl|IAPEW157205_4:<1-52] [lcl|IAPEW157205_4: raw, dna len= 514] -> [gnl|NCBIFILE|Ctenotus_ATP_Jan14a/IAPEW157205_1]
ERROR: valid [SEQ_FEAT.SuspiciousFrame] Suspicious CDS location - frame > 1 but not 5' partial FEATURE: CDS: ATPSB [lcl|IMPAW144222_4:1-52] [lcl|IMPAW144222_4: raw, dna len= 521] -> [gnl|NCBIFILE|Ctenotus_ATP_Jan14a/IMPAW144222_1]
ERROR: valid [SEQ_FEAT.NoStop] Missing stop codon FEATURE: CDS: ATPSB [lcl|IMPAW144222_4:1-52] [lcl|IMPAW144222_4: raw, dna len= 521] -> [gnl|NCBIFILE|Ctenotus_ATP_Jan14a/IMPAW144222_1]
ERROR: valid [SEQ_FEAT.NoStop] Missing stop codon FEATURE: CDS: ATPSB [lcl|INGRA105806_4:<1-52] [lcl|INGRA105806_4: raw, dna len= 510] -> [gnl|NCBIFILE|Ctenotus_ATP_Jan14a/INGRA105806_1]
ERROR: valid [SEQ_FEAT.NoStop] Missing stop codon FEATURE: CDS: ATPSB [lcl|IRIDSP031_4:<1-52] [lcl|IRIDSP031_4: raw, dna len= 519] -> [gnl|NCBIFILE|Ctenotus_ATP_Jan14a/IRIDSP031_1]
ERROR: valid [SEQ_FEAT.NoStop] Missing stop codon FEATURE: CDS: ATPSB [lcl|JOANA72719_4:<1-52] [lcl|JOANA72719_4: raw, dna len= 510] -> [gnl|NCBIFILE|Ctenotus_ATP_Jan14a/JOANA72719_1]
ERROR: valid [SEQ_FEAT.NoStop] Missing stop codon FEATURE: CDS: ATPSB [lcl|LANCA63038_4:<1-52] [lcl|LANCA63038_4: raw, dna len= 520] -> [gnl|NCBIFILE|Ctenotus_ATP_Jan14a/LANCA63038_1]
ERROR: valid [SEQ_FEAT.NoStop] Missing stop codon FEATURE: CDS: ATPSB [lcl|LATEA72839_4:<1-52] [lcl|LATEA72839_4: raw, dna len= 421] -> [gnl|NCBIFILE|Ctenotus_ATP_Jan14a/LATEA72839_1]
ERROR: valid [SEQ_FEAT.NoStop] Missing stop codon FEATURE: CDS: ATPSB [lcl|LEONA70645_4:<1-52] [lcl|LEONA70645_4: raw, dna len= 478] -> [gnl|NCBIFILE|Ctenotus_ATP_Jan14a/LEONA70645_1]
ERROR: valid [SEQ_FEAT.NoStop] Missing stop codon FEATURE: CDS: ATPSB [lcl|MARYW158428_3:<1-52] [lcl|MARYW158428_3: raw, dna len= 521] -> [gnl|NCBIFILE|Ctenotus_ATP_Jan14a/MARYW158428_1]
ERROR: valid [SEQ_FEAT.NoStop] Missing stop codon FEATURE: CDS: ATPSB [lcl|TANTW152013_4:<1-52] [lcl|TANTW152013_4: raw, dna len= 502] -> [gnl|NCBIFILE|Ctenotus_ATP_Jan14a/TANTW152013_1]
ERROR: valid [SEQ_FEAT.NoStop] Missing stop codon FEATURE: CDS: ATPSB [lcl|MILIA29855_4:<1-52] [lcl|MILIA29855_4: raw, dna len= 516] -> [gnl|NCBIFILE|Ctenotus_ATP_Jan14a/MILIA29855_1]
ERROR: valid [SEQ_FEAT.NoStop] Missing stop codon FEATURE: CDS: ATPSB [lcl|MIMEW146927_4:<1-52] [lcl|MIMEW146927_4: raw, dna len= 481] -> [gnl|NCBIFILE|Ctenotus_ATP_Jan14a/MIMEW146927_1]
ERROR: valid [SEQ_FEAT.NoStop] Missing stop codon FEATURE: CDS: ATPSB [lcl|NIGRW139385_4:<1-52] [lcl|NIGRW139385_4: raw, dna len= 502] -> [gnl|NCBIFILE|Ctenotus_ATP_Jan14a/NIGRW139385_1]
ERROR: valid [SEQ_FEAT.NoStop] Missing stop codon FEATURE: CDS: ATPSB [lcl|NULLSP042_4:<1-52] [lcl|NULLSP042_4: raw, dna len= 515] -> [gnl|NCBIFILE|Ctenotus_ATP_Jan14a/NULLSP042_1]
ERROR: valid [SEQ_FEAT.NoStop] Missing stop codon FEATURE: CDS: ATPSB [lcl|OLYMA70320_3:<1-52] [lcl|OLYMA70320_3: raw, dna len= 510] -> [gnl|NCBIFILE|Ctenotus_ATP_Jan14a/OLYMA70320_1]
ERROR: valid [SEQ_FEAT.NoStop] Missing stop codon FEATURE: CDS: ATPSB [lcl|PULCA82411_3:<1-52] [lcl|PULCA82411_3: raw, dna len= 514] -> [gnl|NCBIFILE|Ctenotus_ATP_Jan14a/PULCA82411_1]
ERROR: valid [SEQ_FEAT.NoStop] Missing stop codon FEATURE: CDS: ATPSB [lcl|QUATDLR0005_3:<1-52] [lcl|QUATDLR0005_3: raw, dna len= 497] -> [gnl|NCBIFILE|Ctenotus_ATP_Jan14a/QUATDLR0005_1]
ERROR: valid [SEQ_FEAT.NoStop] Missing stop codon FEATURE: CDS: ATPSB [lcl|QUATDLR0472_3:<1-52] [lcl|QUATDLR0472_3: raw, dna len= 497] -> [gnl|NCBIFILE|Ctenotus_ATP_Jan14a/QUATDLR0472_1]
ERROR: valid [SEQ_FEAT.NoStop] Missing stop codon FEATURE: CDS: ATPSB [lcl|QUINA105817_4:<1-52] [lcl|QUINA105817_4: raw, dna len= 521] -> [gnl|NCBIFILE|Ctenotus_ATP_Jan14a/QUINA105817_1]
ERROR: valid [SEQ_FEAT.NoStop] Missing stop codon FEATURE: CDS: ATPSB [lcl|RAWLA24819_4:<1-52] [lcl|RAWLA24819_4: raw, dna len= 546] -> [gnl|NCBIFILE|Ctenotus_ATP_Jan14a/RAWLA24819_1]
ERROR: valid [SEQ_FEAT.NoStop] Missing stop codon FEATURE: CDS: ATPSB [lcl|REGIA74522_3:<1-52] [lcl|REGIA74522_3: raw, dna len= 510] -> [gnl|NCBIFILE|Ctenotus_ATP_Jan14a/REGIA74522_1]
ERROR: valid [SEQ_FEAT.NoStop] Missing stop codon FEATURE: CDS: ATPSB [lcl|RIMAW126010_4:<1-52] [lcl|RIMAW126010_4: raw, dna len= 512] -> [gnl|NCBIFILE|Ctenotus_ATP_Jan14a/RIMAW126010_1]
ERROR: valid [SEQ_FEAT.NoStop] Missing stop codon FEATURE: CDS: ATPSB [lcl|ROBUA58575_4:<1-52] [lcl|ROBUA58575_4: raw, dna len= 509] -> [gnl|NCBIFILE|Ctenotus_ATP_Jan14a/ROBUA58575_1]
ERROR: valid [SEQ_FEAT.NoStop] Missing stop codon FEATURE: CDS: ATPSB [lcl|ROSAA105820_3:<1-52] [lcl|ROSAA105820_3: raw, dna len= 527] -> [gnl|NCBIFILE|Ctenotus_ATP_Jan14a/ROSAA105820_1]
ERROR: valid [SEQ_FEAT.NoStop] Missing stop codon FEATURE: CDS: ATPSB [lcl|RUFEW158405_4:<1-52] [lcl|RUFEW158405_4: raw, dna len= 502] -> [gnl|NCBIFILE|Ctenotus_ATP_Jan14a/RUFEW158405_1]
ERROR: valid [SEQ_FEAT.NoStop] Missing stop codon FEATURE: CDS: ATPSB [lcl|RUTISP039_4:<1-52] [lcl|RUTISP039_4: raw, dna len= 487] -> [gnl|NCBIFILE|Ctenotus_ATP_Jan14a/RUTISP039_1]
ERROR: valid [SEQ_FEAT.NoStop] Missing stop codon FEATURE: CDS: ATPSB [lcl|SCHEA08986_3:<1-33] [lcl|SCHEA08986_3: raw, dna len= 484] -> [gnl|NCBIFILE|Ctenotus_ATP_Jan14a/SCHEA08986_1]
ERROR: valid [SEQ_FEAT.NoStop] Missing stop codon FEATURE: CDS: ATPSB [lcl|SCHOA91560_4:<1-52] [lcl|SCHOA91560_4: raw, dna len= 422] -> [gnl|NCBIFILE|Ctenotus_ATP_Jan14a/SCHOA91560_1]
ERROR: valid [SEQ_FEAT.NoStop] Missing stop codon FEATURE: CDS: ATPSB [lcl|SERVW139164_3:<1-52] [lcl|SERVW139164_3: raw, dna len= 514] -> [gnl|NCBIFILE|Ctenotus_ATP_Jan14a/SERVW139164_1]
ERROR: valid [SEQ_FEAT.NoStop] Missing stop codon FEATURE: CDS: ATPSB [lcl|SEVEW156159_4:<1-52] [lcl|SEVEW156159_4: raw, dna len= 515] -> [gnl|NCBIFILE|Ctenotus_ATP_Jan14a/SEVEW156159_1]
ERROR: valid [SEQ_FEAT.NoStop] Missing stop codon FEATURE: CDS: ATPSB [lcl|STORA29119_4:<1-52] [lcl|STORA29119_4: raw, dna len= 487] -> [gnl|NCBIFILE|Ctenotus_ATP_Jan14a/STORA29119_1]
ERROR: valid [SEQ_FEAT.NoStop] Missing stop codon FEATURE: CDS: ATPSB [lcl|STRASP107_4:<1-52] [lcl|STRASP107_4: raw, dna len= 488] -> [gnl|NCBIFILE|Ctenotus_ATP_Jan14a/STRASP107_1]
ERROR: valid [SEQ_FEAT.NoStop] Missing stop codon FEATURE: CDS: ATPSB [lcl|STRIA30403_4:<1-52] [lcl|STRIA30403_4: raw, dna len= 491] -> [gnl|NCBIFILE|Ctenotus_ATP_Jan14a/STRIA30403_1]
ERROR: valid [SEQ_FEAT.NoStop] Missing stop codon FEATURE: CDS: ATPSB [lcl|STRIA28714_4:<1-52] [lcl|STRIA28714_4: raw, dna len= 491] -> [gnl|NCBIFILE|Ctenotus_ATP_Jan14a/STRIA28714_1]
ERROR: valid [SEQ_FEAT.NoStop] Missing stop codon FEATURE: CDS: ATPSB [lcl|STUAA28268_4:<1-52] [lcl|STUAA28268_4: raw, dna len= 516] -> [gnl|NCBIFILE|Ctenotus_ATP_Jan14a/STUAA28268_1]
ERROR: valid [SEQ_FEAT.NoStop] Missing stop codon FEATURE: CDS: ATPSB [lcl|TAENA34819_4:<1-52] [lcl|TAENA34819_4: raw, dna len= 524] -> [gnl|NCBIFILE|Ctenotus_ATP_Jan14a/TAENA34819_1]
ERROR: valid [SEQ_FEAT.NoStop] Missing stop codon FEATURE: CDS: ATPSB [lcl|TANAW110634_3:<1-52] [lcl|TANAW110634_3: raw, dna len= 511] -> [gnl|NCBIFILE|Ctenotus_ATP_Jan14a/TANAW110634_1]
ERROR: valid [SEQ_FEAT.NoStop] Missing stop codon FEATURE: CDS: ATPSB [lcl|TANTW151014_4:<1-52] [lcl|TANTW151014_4: raw, dna len= 491] -> [gnl|NCBIFILE|Ctenotus_ATP_Jan14a/TANTW151014_1]
ERROR: valid [SEQ_FEAT.NoStop] Missing stop codon FEATURE: CDS: ATPSB [lcl|TERRSP061_4:<1-52] [lcl|TERRSP061_4: raw, dna len= 526] -> [gnl|NCBIFILE|Ctenotus_ATP_Jan14a/TERRSP061_1]
ERROR: valid [SEQ_INST.StopInProtein] [1] termination symbols in protein sequence (ATPSB - ATPSB) BIOSEQ: gnl|NCBIFILE|Ctenotus_ATP_Jan14a/UBERW154802_1: raw, aa len= 16
ERROR: valid [SEQ_FEAT.SuspiciousFrame] Suspicious CDS location - frame > 1 but not 5' partial FEATURE: CDS: ATPSB [lcl|UBERW154802_4:1-52] [lcl|UBERW154802_4: raw, dna len= 521] -> [gnl|NCBIFILE|Ctenotus_ATP_Jan14a/UBERW154802_1]
ERROR: valid [SEQ_FEAT.InternalStop] 1 internal stops. Genetic code [2] FEATURE: CDS: ATPSB [lcl|UBERW154802_4:1-52] [lcl|UBERW154802_4: raw, dna len= 521] -> [gnl|NCBIFILE|Ctenotus_ATP_Jan14a/UBERW154802_1]
ERROR: valid [SEQ_FEAT.NoStop] Missing stop codon FEATURE: CDS: ATPSB [lcl|VERTA28532_4:<1-52] [lcl|VERTA28532_4: raw, dna len= 515] -> [gnl|NCBIFILE|Ctenotus_ATP_Jan14a/VERTA28532_1]
ERROR: valid [SEQ_INST.StopInProtein] [1] termination symbols in protein sequence (ATPSB - ATPSB) BIOSEQ: gnl|NCBIFILE|Ctenotus_ATP_Jan14a/XENOW141025_1: raw, aa len= 17
ERROR: valid [SEQ_FEAT.InternalStop] 1 internal stops. Genetic code [2] FEATURE: CDS: ATPSB [lcl|XENOW141025_4:<1-52] [lcl|XENOW141025_4: raw, dna len= 510] -> [gnl|NCBIFILE|Ctenotus_ATP_Jan14a/XENOW141025_1]
ERROR: valid [SEQ_FEAT.NoStop] Missing stop codon FEATURE: CDS: ATPSB [lcl|XENOW141025_4:<1-52] [lcl|XENOW141025_4: raw, dna len= 510] -> [gnl|NCBIFILE|Ctenotus_ATP_Jan14a/XENOW141025_1]
ERROR: valid [SEQ_FEAT.NoStop] Missing stop codon FEATURE: CDS: ATPSB [lcl|YAMPSP064_4:<1-52] [lcl|YAMPSP064_4: raw, dna len= 510] -> [gnl|NCBIFILE|Ctenotus_ATP_Jan14a/YAMPSP064_1]
ERROR: valid [SEQ_FEAT.NoStop] Missing stop codon FEATURE: CDS: ATPSB [lcl|ZASTSP114_4:<1-52] [lcl|ZASTSP114_4: raw, dna len= 507] -> [gnl|NCBIFILE|Ctenotus_ATP_Jan14a/ZASTSP114_1]
ERROR: valid [SEQ_FEAT.NoStop] Missing stop codon FEATURE: CDS: ATPSB [lcl|ZEBRA77032_4:<1-52] [lcl|ZEBRA77032_4: raw, dna len= 513] -> [gnl|NCBIFILE|Ctenotus_ATP_Jan14a/ZEBRA77032_1]
end-of-file
