corelib$
db$
db/sqlite
serial$
serial/impl$
serial/datatool
serial/grpc_integration
algo$
algo/blast$
algo/blast/api
algo/blast/core
algo/blast/blastinput
algo/blast/composition_adjustment
algo/blast/dbindex
algo/blast/format
algo/blast/proteinkmer
algo/blast/blast_sra_input
-algo/blast/proteinkmer/demo
algo/blast/igblast
algo/dustmask$
algo/winmask$
-algo/blast/blastinput/unit_test
-algo/blast/blastinput/demo
objects
cgi$
cgi/impl$
html$
connect$
connect/mbedtls
connect/services$
connect/services/impl$
-connect/services/test
connect/ext$
util$
util/creaders$
util/tables$
util/checksum
util/compress$
util/compress/bzip2$
util/compress/zlib$
util/compress/api
util/regexp
util/xregexp
util/sequtil$
util/bitset$
util/math$
util/cache$
util/impl$
util/qparse$
util/lmdb$
util/lmdbxx$
objtools$
objtools/alnmgr$
objtools/readers$
objtools/seqmasks_io$
objtools/blast$
objtools/blast/seqdb_reader
-objtools/blast/seqdb_reader/seqdb2_info
objtools/blast/gene_info_reader
objtools/blast/services
objtools/blast/blastdb_format
objtools/blast/seqdb_writer
-objtools/blast/seqdb_writer/demo
objtools/cleanup$
objtools/edit$
objtools/format$
objtools/format/items$
objtools/align_format
objtools/logging$
objtools/pubseq_gateway
dbapi$
dbapi/driver$
dbapi/cache$
dbapi/driver/impl$
dbapi/driver/odbc$
dbapi/driver/odbc/unix_odbc$
dbapi/driver/util$ update-only
objmgr
-objmgr/test
-objmgr/util/unit_test
objtools/data_loaders/genbank
-objtools/data_loaders/genbank/test
objtools/data_loaders$
objtools/data_loaders/blastdb$
algo/sequence
-algo/sequence/demo
-algo/sequence/unit_test
algo/align$
algo/align/util
-algo/align/util/demo
-algo/align/util/unit_test
app$
app/blast
app/blastdb
app/igblast
objtools/simple$
-objects/.*/test
-objects/.*/demo
-objects/.*/unit_test
sra/readers/sra
sra/readers$
sra$
misc$
misc/jsonwrapp
misc/third_party
misc/third_party_static
