corelib$
corelib/impl
corelib/hash_impl$
connect$
connect/ext$
connect/mbedtls
connect/services
-connect/services/test
db
dbapi
-db/bdb

check
dll
misc$
misc/third_party
misc/third_party_static

app$
app/pubseq_gateway$
app/pubseq_gateway/server$
app/pubseq_gateway/server/test$
app/pubseq_gateway/server/test/input$
app/pubseq_gateway/server/integrationsmoketest$
app/pubseq_gateway/server/integrationsmoketest/input$
app/pubseq_gateway/server/integrationsmoketest/baseline$

objtools$
objtools/pubseq_gateway$
objtools/pubseq_gateway/cassandra
objtools/pubseq_gateway/diag
objtools/pubseq_gateway/client
objtools/pubseq_gateway/impl
objtools/pubseq_gateway/cache
objtools/pubseq_gateway/protobuf
objtools/cdd

objtools/data_loaders$
objtools/data_loaders/cdd$
objtools/data_loaders/cdd/cdd_access

util/lmdbxx

#define LST_COMMENT_1   pubseq_gateway/client requires a few objects/...
objects$
objects/biblio$
objects/featdef$
objects/gbseq$
objects/general$
objects/genomecoll$
objects/id1$
objects/id2$
objects/medlars$
objects/medline$
objects/mla$
objects/misc$ update-only
objects/objprt$
objects/pub$
objects/pubmed$
objects/seq
-objects/seq/test
-objects/seq/unit_test
objects/seqalign
objects/seqblock
objects/seqcode
objects/seqedit
objects/seqfeat
objects/seqloc
objects/seqres
objects/seqset
-objects/seqset/test
objects/seqsplit
objects/seqtable
-objects/seqtable/test
objects/submit$
objects/taxon3$
objects/valid$
objects/variation$

serial$
serial/datatool$
util$
util/bitset$
util/cache$
util/sequtil$
util/xregexp
util/compress
util/checksum
