WARNING: valid [SEQ_FEAT.FeatContentDup] Duplicate feature FEATURE: Gene: rbcL [lcl|accJF701686:<1->1282] [lcl|accJF701686: raw, dna len= 1282]
INFO: valid [SEQ_FEAT.MultiplyAnnotatedGenes] Colliding names in gene features, but feature locations are identical FEATURE: Gene: rbcL [lcl|accJF701686:<1->1282] [lcl|accJF701686: raw, dna len= 1282]
ERROR: valid [SEQ_FEAT.NoProtRefFound] No full length Prot-ref feature applied to this Bioseq BIOSEQ: gnl|NCBIFILE|rbcL_Het.sqn/accJF701686_1: raw, aa len= 427
WARNING: valid [SEQ_FEAT.GenCodeMismatch] Genetic code conflict between CDS (code 11) and BioSource (code 1) FEATURE: CDS:  [lcl|accJF701686:<1->1282] [lcl|accJF701686: raw, dna len= 1282] -> [gnl|NCBIFILE|rbcL_Het.sqn/accJF701686_1]
WARNING: valid [SEQ_FEAT.GeneXrefNeeded] Feature overlapped by 2 identical-length equivalent genes but has no cross-reference FEATURE: CDS:  [lcl|accJF701686:<1->1282] [lcl|accJF701686: raw, dna len= 1282] -> [gnl|NCBIFILE|rbcL_Het.sqn/accJF701686_1]
WARNING: valid [SEQ_FEAT.FeatContentDup] Duplicate feature FEATURE: Gene: rbcL [lcl|accEF116872:<1->1282] [lcl|accEF116872: raw, dna len= 1282]
INFO: valid [SEQ_FEAT.MultiplyAnnotatedGenes] Colliding names in gene features, but feature locations are identical FEATURE: Gene: rbcL [lcl|accEF116872:<1->1282] [lcl|accEF116872: raw, dna len= 1282]
ERROR: valid [SEQ_FEAT.NoProtRefFound] No full length Prot-ref feature applied to this Bioseq BIOSEQ: gnl|NCBIFILE|rbcL_Het.sqn/accEF116872_1: raw, aa len= 427
WARNING: valid [SEQ_FEAT.GeneXrefNeeded] Feature overlapped by 2 identical-length equivalent genes but has no cross-reference FEATURE: CDS:  [lcl|accEF116872:<1->1282] [lcl|accEF116872: raw, dna len= 1282] -> [gnl|NCBIFILE|rbcL_Het.sqn/accEF116872_1]
WARNING: valid [SEQ_FEAT.FeatContentDup] Duplicate feature FEATURE: Gene: rbcL [lcl|accEF116877:<1->1282] [lcl|accEF116877: raw, dna len= 1282]
INFO: valid [SEQ_FEAT.MultiplyAnnotatedGenes] Colliding names in gene features, but feature locations are identical FEATURE: Gene: rbcL [lcl|accEF116877:<1->1282] [lcl|accEF116877: raw, dna len= 1282]
ERROR: valid [SEQ_FEAT.NoProtRefFound] No full length Prot-ref feature applied to this Bioseq BIOSEQ: gnl|NCBIFILE|rbcL_Het.sqn/accEF116877_1: raw, aa len= 427
WARNING: valid [SEQ_FEAT.GeneXrefNeeded] Feature overlapped by 2 identical-length equivalent genes but has no cross-reference FEATURE: CDS:  [lcl|accEF116877:<1->1282] [lcl|accEF116877: raw, dna len= 1282] -> [gnl|NCBIFILE|rbcL_Het.sqn/accEF116877_1]
WARNING: valid [SEQ_FEAT.FeatContentDup] Duplicate feature FEATURE: Gene: rbcL [lcl|accDQ393128:<1->1282] [lcl|accDQ393128: raw, dna len= 1282]
INFO: valid [SEQ_FEAT.MultiplyAnnotatedGenes] Colliding names in gene features, but feature locations are identical FEATURE: Gene: rbcL [lcl|accDQ393128:<1->1282] [lcl|accDQ393128: raw, dna len= 1282]
ERROR: valid [SEQ_FEAT.NoProtRefFound] No full length Prot-ref feature applied to this Bioseq BIOSEQ: gnl|NCBIFILE|rbcL_Het.sqn/accDQ393128_1: raw, aa len= 427
WARNING: valid [SEQ_FEAT.GeneXrefNeeded] Feature overlapped by 2 identical-length equivalent genes but has no cross-reference FEATURE: CDS:  [lcl|accDQ393128:<1->1282] [lcl|accDQ393128: raw, dna len= 1282] -> [gnl|NCBIFILE|rbcL_Het.sqn/accDQ393128_1]
WARNING: valid [SEQ_FEAT.FeatContentDup] Duplicate feature FEATURE: Gene: rbcL [lcl|AL_2:<1->1282] [lcl|AL_2: raw, dna len= 1282]
INFO: valid [SEQ_FEAT.MultiplyAnnotatedGenes] Colliding names in gene features, but feature locations are identical FEATURE: Gene: rbcL [lcl|AL_2:<1->1282] [lcl|AL_2: raw, dna len= 1282]
ERROR: valid [SEQ_FEAT.NoProtRefFound] No full length Prot-ref feature applied to this Bioseq BIOSEQ: gnl|NCBIFILE|rbcL_Het.sqn/AL_1: raw, aa len= 427
WARNING: valid [SEQ_FEAT.GeneXrefNeeded] Feature overlapped by 2 identical-length equivalent genes but has no cross-reference FEATURE: CDS:  [lcl|AL_2:<1->1282] [lcl|AL_2: raw, dna len= 1282] -> [gnl|NCBIFILE|rbcL_Het.sqn/AL_1]
WARNING: valid [SEQ_FEAT.FeatContentDup] Duplicate feature FEATURE: Gene: rbcL [lcl|accGU457345:<1->1282] [lcl|accGU457345: raw, dna len= 1282]
INFO: valid [SEQ_FEAT.MultiplyAnnotatedGenes] Colliding names in gene features, but feature locations are identical FEATURE: Gene: rbcL [lcl|accGU457345:<1->1282] [lcl|accGU457345: raw, dna len= 1282]
ERROR: valid [SEQ_FEAT.NoProtRefFound] No full length Prot-ref feature applied to this Bioseq BIOSEQ: gnl|NCBIFILE|rbcL_Het.sqn/accGU457345_1: raw, aa len= 427
WARNING: valid [SEQ_FEAT.GeneXrefNeeded] Feature overlapped by 2 identical-length equivalent genes but has no cross-reference FEATURE: CDS:  [lcl|accGU457345:<1->1282] [lcl|accGU457345: raw, dna len= 1282] -> [gnl|NCBIFILE|rbcL_Het.sqn/accGU457345_1]
WARNING: valid [SEQ_FEAT.FeatContentDup] Duplicate feature FEATURE: Gene: rbcL [lcl|accGU457344:<1->1282] [lcl|accGU457344: raw, dna len= 1282]
INFO: valid [SEQ_FEAT.MultiplyAnnotatedGenes] Colliding names in gene features, but feature locations are identical FEATURE: Gene: rbcL [lcl|accGU457344:<1->1282] [lcl|accGU457344: raw, dna len= 1282]
ERROR: valid [SEQ_FEAT.NoProtRefFound] No full length Prot-ref feature applied to this Bioseq BIOSEQ: gnl|NCBIFILE|rbcL_Het.sqn/accGU457344_1: raw, aa len= 427
WARNING: valid [SEQ_FEAT.GeneXrefNeeded] Feature overlapped by 2 identical-length equivalent genes but has no cross-reference FEATURE: CDS:  [lcl|accGU457344:<1->1282] [lcl|accGU457344: raw, dna len= 1282] -> [gnl|NCBIFILE|rbcL_Het.sqn/accGU457344_1]
WARNING: valid [SEQ_FEAT.FeatContentDup] Duplicate feature FEATURE: Gene: rbcL [lcl|accGU457350:<1->1282] [lcl|accGU457350: raw, dna len= 1282]
INFO: valid [SEQ_FEAT.MultiplyAnnotatedGenes] Colliding names in gene features, but feature locations are identical FEATURE: Gene: rbcL [lcl|accGU457350:<1->1282] [lcl|accGU457350: raw, dna len= 1282]
ERROR: valid [SEQ_FEAT.NoProtRefFound] No full length Prot-ref feature applied to this Bioseq BIOSEQ: gnl|NCBIFILE|rbcL_Het.sqn/accGU457350_1: raw, aa len= 427
WARNING: valid [SEQ_FEAT.GeneXrefNeeded] Feature overlapped by 2 identical-length equivalent genes but has no cross-reference FEATURE: CDS:  [lcl|accGU457350:<1->1282] [lcl|accGU457350: raw, dna len= 1282] -> [gnl|NCBIFILE|rbcL_Het.sqn/accGU457350_1]
WARNING: valid [SEQ_FEAT.FeatContentDup] Duplicate feature FEATURE: Gene: rbcL [lcl|accGU457349:<1->1282] [lcl|accGU457349: raw, dna len= 1282]
INFO: valid [SEQ_FEAT.MultiplyAnnotatedGenes] Colliding names in gene features, but feature locations are identical FEATURE: Gene: rbcL [lcl|accGU457349:<1->1282] [lcl|accGU457349: raw, dna len= 1282]
ERROR: valid [SEQ_FEAT.NoProtRefFound] No full length Prot-ref feature applied to this Bioseq BIOSEQ: gnl|NCBIFILE|rbcL_Het.sqn/accGU457349_1: raw, aa len= 427
WARNING: valid [SEQ_FEAT.GeneXrefNeeded] Feature overlapped by 2 identical-length equivalent genes but has no cross-reference FEATURE: CDS:  [lcl|accGU457349:<1->1282] [lcl|accGU457349: raw, dna len= 1282] -> [gnl|NCBIFILE|rbcL_Het.sqn/accGU457349_1]
WARNING: valid [SEQ_FEAT.FeatContentDup] Duplicate feature FEATURE: Gene: rbcL [lcl|accGU457348:<1->1282] [lcl|accGU457348: raw, dna len= 1282]
INFO: valid [SEQ_FEAT.MultiplyAnnotatedGenes] Colliding names in gene features, but feature locations are identical FEATURE: Gene: rbcL [lcl|accGU457348:<1->1282] [lcl|accGU457348: raw, dna len= 1282]
ERROR: valid [SEQ_FEAT.NoProtRefFound] No full length Prot-ref feature applied to this Bioseq BIOSEQ: gnl|NCBIFILE|rbcL_Het.sqn/accGU457348_1: raw, aa len= 427
WARNING: valid [SEQ_FEAT.GeneXrefNeeded] Feature overlapped by 2 identical-length equivalent genes but has no cross-reference FEATURE: CDS:  [lcl|accGU457348:<1->1282] [lcl|accGU457348: raw, dna len= 1282] -> [gnl|NCBIFILE|rbcL_Het.sqn/accGU457348_1]
WARNING: valid [SEQ_FEAT.FeatContentDup] Duplicate feature FEATURE: Gene: rbcL [lcl|accDQ141320:<1->1282] [lcl|accDQ141320: raw, dna len= 1282]
INFO: valid [SEQ_FEAT.MultiplyAnnotatedGenes] Colliding names in gene features, but feature locations are identical FEATURE: Gene: rbcL [lcl|accDQ141320:<1->1282] [lcl|accDQ141320: raw, dna len= 1282]
ERROR: valid [SEQ_FEAT.NoProtRefFound] No full length Prot-ref feature applied to this Bioseq BIOSEQ: gnl|NCBIFILE|rbcL_Het.sqn/accDQ141320_1: raw, aa len= 427
WARNING: valid [SEQ_FEAT.GeneXrefNeeded] Feature overlapped by 2 identical-length equivalent genes but has no cross-reference FEATURE: CDS:  [lcl|accDQ141320:<1->1282] [lcl|accDQ141320: raw, dna len= 1282] -> [gnl|NCBIFILE|rbcL_Het.sqn/accDQ141320_1]
WARNING: valid [SEQ_FEAT.FeatContentDup] Duplicate feature FEATURE: Gene: rbcL [lcl|accDQ393131:<1->1282] [lcl|accDQ393131: raw, dna len= 1282]
INFO: valid [SEQ_FEAT.MultiplyAnnotatedGenes] Colliding names in gene features, but feature locations are identical FEATURE: Gene: rbcL [lcl|accDQ393131:<1->1282] [lcl|accDQ393131: raw, dna len= 1282]
ERROR: valid [SEQ_FEAT.NoProtRefFound] No full length Prot-ref feature applied to this Bioseq BIOSEQ: gnl|NCBIFILE|rbcL_Het.sqn/accDQ393131_1: raw, aa len= 427
WARNING: valid [SEQ_FEAT.GeneXrefNeeded] Feature overlapped by 2 identical-length equivalent genes but has no cross-reference FEATURE: CDS:  [lcl|accDQ393131:<1->1282] [lcl|accDQ393131: raw, dna len= 1282] -> [gnl|NCBIFILE|rbcL_Het.sqn/accDQ393131_1]
WARNING: valid [SEQ_FEAT.FeatContentDup] Duplicate feature FEATURE: Gene: rbcL [lcl|IT_2:<1->1282] [lcl|IT_2: raw, dna len= 1282]
INFO: valid [SEQ_FEAT.MultiplyAnnotatedGenes] Colliding names in gene features, but feature locations are identical FEATURE: Gene: rbcL [lcl|IT_2:<1->1282] [lcl|IT_2: raw, dna len= 1282]
ERROR: valid [SEQ_FEAT.NoProtRefFound] No full length Prot-ref feature applied to this Bioseq BIOSEQ: gnl|NCBIFILE|rbcL_Het.sqn/IT_1: raw, aa len= 427
WARNING: valid [SEQ_FEAT.GeneXrefNeeded] Feature overlapped by 2 identical-length equivalent genes but has no cross-reference FEATURE: CDS:  [lcl|IT_2:<1->1282] [lcl|IT_2: raw, dna len= 1282] -> [gnl|NCBIFILE|rbcL_Het.sqn/IT_1]
WARNING: valid [SEQ_FEAT.FeatContentDup] Duplicate feature FEATURE: Gene: rbcL [lcl|FR-R1:<1->1279] [lcl|FR-R1: raw, dna len= 1279]
INFO: valid [SEQ_FEAT.MultiplyAnnotatedGenes] Colliding names in gene features, but feature locations are identical FEATURE: Gene: rbcL [lcl|FR-R1:<1->1279] [lcl|FR-R1: raw, dna len= 1279]
ERROR: valid [SEQ_FEAT.NoProtRefFound] No full length Prot-ref feature applied to this Bioseq BIOSEQ: gnl|NCBIFILE|rbcL_Het.sqn/FR-R1_1: raw, aa len= 426
WARNING: valid [SEQ_FEAT.GeneXrefNeeded] Feature overlapped by 2 identical-length equivalent genes but has no cross-reference FEATURE: CDS:  [lcl|FR-R1:<1->1279] [lcl|FR-R1: raw, dna len= 1279] -> [gnl|NCBIFILE|rbcL_Het.sqn/FR-R1_1]
WARNING: valid [SEQ_FEAT.FeatContentDup] Duplicate feature FEATURE: Gene: rbcL [lcl|FR-D11:<1->1282] [lcl|FR-D11: raw, dna len= 1282]
INFO: valid [SEQ_FEAT.MultiplyAnnotatedGenes] Colliding names in gene features, but feature locations are identical FEATURE: Gene: rbcL [lcl|FR-D11:<1->1282] [lcl|FR-D11: raw, dna len= 1282]
ERROR: valid [SEQ_FEAT.NoProtRefFound] No full length Prot-ref feature applied to this Bioseq BIOSEQ: gnl|NCBIFILE|rbcL_Het.sqn/FR-D11_1: raw, aa len= 427
WARNING: valid [SEQ_FEAT.GeneXrefNeeded] Feature overlapped by 2 identical-length equivalent genes but has no cross-reference FEATURE: CDS:  [lcl|FR-D11:<1->1282] [lcl|FR-D11: raw, dna len= 1282] -> [gnl|NCBIFILE|rbcL_Het.sqn/FR-D11_1]
WARNING: valid [SEQ_FEAT.FeatContentDup] Duplicate feature FEATURE: Gene: rbcL [lcl|FR-D15_2:<1->1282] [lcl|FR-D15_2: raw, dna len= 1282]
INFO: valid [SEQ_FEAT.MultiplyAnnotatedGenes] Colliding names in gene features, but feature locations are identical FEATURE: Gene: rbcL [lcl|FR-D15_2:<1->1282] [lcl|FR-D15_2: raw, dna len= 1282]
ERROR: valid [SEQ_FEAT.NoProtRefFound] No full length Prot-ref feature applied to this Bioseq BIOSEQ: gnl|NCBIFILE|rbcL_Het.sqn/FR-D15_1: raw, aa len= 427
WARNING: valid [SEQ_FEAT.GeneXrefNeeded] Feature overlapped by 2 identical-length equivalent genes but has no cross-reference FEATURE: CDS:  [lcl|FR-D15_2:<1->1282] [lcl|FR-D15_2: raw, dna len= 1282] -> [gnl|NCBIFILE|rbcL_Het.sqn/FR-D15_1]
WARNING: valid [SEQ_FEAT.FeatContentDup] Duplicate feature FEATURE: Gene: rbcL [lcl|FR-V3:<1->1282] [lcl|FR-V3: raw, dna len= 1282]
INFO: valid [SEQ_FEAT.MultiplyAnnotatedGenes] Colliding names in gene features, but feature locations are identical FEATURE: Gene: rbcL [lcl|FR-V3:<1->1282] [lcl|FR-V3: raw, dna len= 1282]
ERROR: valid [SEQ_FEAT.NoProtRefFound] No full length Prot-ref feature applied to this Bioseq BIOSEQ: gnl|NCBIFILE|rbcL_Het.sqn/FR-V3_1: raw, aa len= 427
WARNING: valid [SEQ_FEAT.GeneXrefNeeded] Feature overlapped by 2 identical-length equivalent genes but has no cross-reference FEATURE: CDS:  [lcl|FR-V3:<1->1282] [lcl|FR-V3: raw, dna len= 1282] -> [gnl|NCBIFILE|rbcL_Het.sqn/FR-V3_1]
WARNING: valid [SEQ_FEAT.FeatContentDup] Duplicate feature FEATURE: Gene: rbcL [lcl|acc393129:<1->1282] [lcl|acc393129: raw, dna len= 1282]
INFO: valid [SEQ_FEAT.MultiplyAnnotatedGenes] Colliding names in gene features, but feature locations are identical FEATURE: Gene: rbcL [lcl|acc393129:<1->1282] [lcl|acc393129: raw, dna len= 1282]
ERROR: valid [SEQ_FEAT.NoProtRefFound] No full length Prot-ref feature applied to this Bioseq BIOSEQ: gnl|NCBIFILE|rbcL_Het.sqn/acc393129_1: raw, aa len= 427
WARNING: valid [SEQ_FEAT.GeneXrefNeeded] Feature overlapped by 2 identical-length equivalent genes but has no cross-reference FEATURE: CDS:  [lcl|acc393129:<1->1282] [lcl|acc393129: raw, dna len= 1282] -> [gnl|NCBIFILE|rbcL_Het.sqn/acc393129_1]
WARNING: valid [SEQ_FEAT.FeatContentDup] Duplicate feature FEATURE: Gene: rbcL [lcl|acc393130:<1->1282] [lcl|acc393130: raw, dna len= 1282]
INFO: valid [SEQ_FEAT.MultiplyAnnotatedGenes] Colliding names in gene features, but feature locations are identical FEATURE: Gene: rbcL [lcl|acc393130:<1->1282] [lcl|acc393130: raw, dna len= 1282]
ERROR: valid [SEQ_FEAT.NoProtRefFound] No full length Prot-ref feature applied to this Bioseq BIOSEQ: gnl|NCBIFILE|rbcL_Het.sqn/acc393130_1: raw, aa len= 427
WARNING: valid [SEQ_FEAT.GeneXrefNeeded] Feature overlapped by 2 identical-length equivalent genes but has no cross-reference FEATURE: CDS:  [lcl|acc393130:<1->1282] [lcl|acc393130: raw, dna len= 1282] -> [gnl|NCBIFILE|rbcL_Het.sqn/acc393130_1]
WARNING: valid [SEQ_FEAT.FeatContentDup] Duplicate feature FEATURE: Gene: rbcL [lcl|VA-E2:<1->1282] [lcl|VA-E2: raw, dna len= 1282]
INFO: valid [SEQ_FEAT.MultiplyAnnotatedGenes] Colliding names in gene features, but feature locations are identical FEATURE: Gene: rbcL [lcl|VA-E2:<1->1282] [lcl|VA-E2: raw, dna len= 1282]
ERROR: valid [SEQ_FEAT.NoProtRefFound] No full length Prot-ref feature applied to this Bioseq BIOSEQ: gnl|NCBIFILE|rbcL_Het.sqn/VA-E2_1: raw, aa len= 427
WARNING: valid [SEQ_FEAT.GeneXrefNeeded] Feature overlapped by 2 identical-length equivalent genes but has no cross-reference FEATURE: CDS:  [lcl|VA-E2:<1->1282] [lcl|VA-E2: raw, dna len= 1282] -> [gnl|NCBIFILE|rbcL_Het.sqn/VA-E2_1]
WARNING: valid [SEQ_FEAT.FeatContentDup] Duplicate feature FEATURE: Gene: rbcL [lcl|VA-E12_2:<1->1282] [lcl|VA-E12_2: raw, dna len= 1282]
INFO: valid [SEQ_FEAT.MultiplyAnnotatedGenes] Colliding names in gene features, but feature locations are identical FEATURE: Gene: rbcL [lcl|VA-E12_2:<1->1282] [lcl|VA-E12_2: raw, dna len= 1282]
ERROR: valid [SEQ_FEAT.NoProtRefFound] No full length Prot-ref feature applied to this Bioseq BIOSEQ: gnl|NCBIFILE|rbcL_Het.sqn/VA-E12_1: raw, aa len= 427
WARNING: valid [SEQ_FEAT.GeneXrefNeeded] Feature overlapped by 2 identical-length equivalent genes but has no cross-reference FEATURE: CDS:  [lcl|VA-E12_2:<1->1282] [lcl|VA-E12_2: raw, dna len= 1282] -> [gnl|NCBIFILE|rbcL_Het.sqn/VA-E12_1]
WARNING: valid [SEQ_FEAT.FeatContentDup] Duplicate feature FEATURE: Gene: rbcL [lcl|accGU457343:<1->1282] [lcl|accGU457343: raw, dna len= 1282]
INFO: valid [SEQ_FEAT.MultiplyAnnotatedGenes] Colliding names in gene features, but feature locations are identical FEATURE: Gene: rbcL [lcl|accGU457343:<1->1282] [lcl|accGU457343: raw, dna len= 1282]
ERROR: valid [SEQ_FEAT.NoProtRefFound] No full length Prot-ref feature applied to this Bioseq BIOSEQ: gnl|NCBIFILE|rbcL_Het.sqn/accGU457343_1: raw, aa len= 427
WARNING: valid [SEQ_FEAT.GeneXrefNeeded] Feature overlapped by 2 identical-length equivalent genes but has no cross-reference FEATURE: CDS:  [lcl|accGU457343:<1->1282] [lcl|accGU457343: raw, dna len= 1282] -> [gnl|NCBIFILE|rbcL_Het.sqn/accGU457343_1]
WARNING: valid [SEQ_FEAT.FeatContentDup] Duplicate feature FEATURE: Gene: rbcL [lcl|VA-H_2:<1->1282] [lcl|VA-H_2: raw, dna len= 1282]
INFO: valid [SEQ_FEAT.MultiplyAnnotatedGenes] Colliding names in gene features, but feature locations are identical FEATURE: Gene: rbcL [lcl|VA-H_2:<1->1282] [lcl|VA-H_2: raw, dna len= 1282]
ERROR: valid [SEQ_FEAT.NoProtRefFound] No full length Prot-ref feature applied to this Bioseq BIOSEQ: gnl|NCBIFILE|rbcL_Het.sqn/VA-H_1: raw, aa len= 427
WARNING: valid [SEQ_FEAT.GeneXrefNeeded] Feature overlapped by 2 identical-length equivalent genes but has no cross-reference FEATURE: CDS:  [lcl|VA-H_2:<1->1282] [lcl|VA-H_2: raw, dna len= 1282] -> [gnl|NCBIFILE|rbcL_Het.sqn/VA-H_1]
WARNING: valid [SEQ_FEAT.FeatContentDup] Duplicate feature FEATURE: Gene: rbcL [lcl|TN-H:<1->1282] [lcl|TN-H: raw, dna len= 1282]
INFO: valid [SEQ_FEAT.MultiplyAnnotatedGenes] Colliding names in gene features, but feature locations are identical FEATURE: Gene: rbcL [lcl|TN-H:<1->1282] [lcl|TN-H: raw, dna len= 1282]
ERROR: valid [SEQ_FEAT.NoProtRefFound] No full length Prot-ref feature applied to this Bioseq BIOSEQ: gnl|NCBIFILE|rbcL_Het.sqn/TN-H_1: raw, aa len= 427
WARNING: valid [SEQ_FEAT.GeneXrefNeeded] Feature overlapped by 2 identical-length equivalent genes but has no cross-reference FEATURE: CDS:  [lcl|TN-H:<1->1282] [lcl|TN-H: raw, dna len= 1282] -> [gnl|NCBIFILE|rbcL_Het.sqn/TN-H_1]
WARNING: valid [SEQ_FEAT.FeatContentDup] Duplicate feature FEATURE: Gene: rbcL [lcl|OH-LT10_2:<1->1282] [lcl|OH-LT10_2: raw, dna len= 1282]
INFO: valid [SEQ_FEAT.MultiplyAnnotatedGenes] Colliding names in gene features, but feature locations are identical FEATURE: Gene: rbcL [lcl|OH-LT10_2:<1->1282] [lcl|OH-LT10_2: raw, dna len= 1282]
ERROR: valid [SEQ_FEAT.NoProtRefFound] No full length Prot-ref feature applied to this Bioseq BIOSEQ: gnl|NCBIFILE|rbcL_Het.sqn/OH-LT10_1: raw, aa len= 427
WARNING: valid [SEQ_FEAT.GeneXrefNeeded] Feature overlapped by 2 identical-length equivalent genes but has no cross-reference FEATURE: CDS:  [lcl|OH-LT10_2:<1->1282] [lcl|OH-LT10_2: raw, dna len= 1282] -> [gnl|NCBIFILE|rbcL_Het.sqn/OH-LT10_1]
WARNING: valid [SEQ_FEAT.FeatContentDup] Duplicate feature FEATURE: Gene: rbcL [lcl|OH-LT8_2:<1->1282] [lcl|OH-LT8_2: raw, dna len= 1282]
INFO: valid [SEQ_FEAT.MultiplyAnnotatedGenes] Colliding names in gene features, but feature locations are identical FEATURE: Gene: rbcL [lcl|OH-LT8_2:<1->1282] [lcl|OH-LT8_2: raw, dna len= 1282]
ERROR: valid [SEQ_FEAT.NoProtRefFound] No full length Prot-ref feature applied to this Bioseq BIOSEQ: gnl|NCBIFILE|rbcL_Het.sqn/OH-LT8_1: raw, aa len= 427
WARNING: valid [SEQ_FEAT.GeneXrefNeeded] Feature overlapped by 2 identical-length equivalent genes but has no cross-reference FEATURE: CDS:  [lcl|OH-LT8_2:<1->1282] [lcl|OH-LT8_2: raw, dna len= 1282] -> [gnl|NCBIFILE|rbcL_Het.sqn/OH-LT8_1]
WARNING: valid [SEQ_FEAT.FeatContentDup] Duplicate feature FEATURE: Gene: rbcL [lcl|MI_2:<1->1282] [lcl|MI_2: raw, dna len= 1282]
INFO: valid [SEQ_FEAT.MultiplyAnnotatedGenes] Colliding names in gene features, but feature locations are identical FEATURE: Gene: rbcL [lcl|MI_2:<1->1282] [lcl|MI_2: raw, dna len= 1282]
ERROR: valid [SEQ_FEAT.NoProtRefFound] No full length Prot-ref feature applied to this Bioseq BIOSEQ: gnl|NCBIFILE|rbcL_Het.sqn/MI_1: raw, aa len= 427
WARNING: valid [SEQ_FEAT.GeneXrefNeeded] Feature overlapped by 2 identical-length equivalent genes but has no cross-reference FEATURE: CDS:  [lcl|MI_2:<1->1282] [lcl|MI_2: raw, dna len= 1282] -> [gnl|NCBIFILE|rbcL_Het.sqn/MI_1]
WARNING: valid [SEQ_FEAT.FeatContentDup] Duplicate feature FEATURE: Gene: rbcL [lcl|MN:<1->1282] [lcl|MN: raw, dna len= 1282]
INFO: valid [SEQ_FEAT.MultiplyAnnotatedGenes] Colliding names in gene features, but feature locations are identical FEATURE: Gene: rbcL [lcl|MN:<1->1282] [lcl|MN: raw, dna len= 1282]
ERROR: valid [SEQ_FEAT.NoProtRefFound] No full length Prot-ref feature applied to this Bioseq BIOSEQ: gnl|NCBIFILE|rbcL_Het.sqn/MN_1: raw, aa len= 427
WARNING: valid [SEQ_FEAT.GeneXrefNeeded] Feature overlapped by 2 identical-length equivalent genes but has no cross-reference FEATURE: CDS:  [lcl|MN:<1->1282] [lcl|MN: raw, dna len= 1282] -> [gnl|NCBIFILE|rbcL_Het.sqn/MN_1]
WARNING: valid [SEQ_FEAT.FeatContentDup] Duplicate feature FEATURE: Gene: rbcL [lcl|NC-9_2:<1->1282] [lcl|NC-9_2: raw, dna len= 1282]
INFO: valid [SEQ_FEAT.MultiplyAnnotatedGenes] Colliding names in gene features, but feature locations are identical FEATURE: Gene: rbcL [lcl|NC-9_2:<1->1282] [lcl|NC-9_2: raw, dna len= 1282]
ERROR: valid [SEQ_FEAT.NoProtRefFound] No full length Prot-ref feature applied to this Bioseq BIOSEQ: gnl|NCBIFILE|rbcL_Het.sqn/NC-9_1: raw, aa len= 427
WARNING: valid [SEQ_FEAT.GeneXrefNeeded] Feature overlapped by 2 identical-length equivalent genes but has no cross-reference FEATURE: CDS:  [lcl|NC-9_2:<1->1282] [lcl|NC-9_2: raw, dna len= 1282] -> [gnl|NCBIFILE|rbcL_Het.sqn/NC-9_1]
WARNING: valid [SEQ_FEAT.FeatContentDup] Duplicate feature FEATURE: Gene: rbcL [lcl|NC-2_2:<1->1282] [lcl|NC-2_2: raw, dna len= 1282]
INFO: valid [SEQ_FEAT.MultiplyAnnotatedGenes] Colliding names in gene features, but feature locations are identical FEATURE: Gene: rbcL [lcl|NC-2_2:<1->1282] [lcl|NC-2_2: raw, dna len= 1282]
ERROR: valid [SEQ_FEAT.NoProtRefFound] No full length Prot-ref feature applied to this Bioseq BIOSEQ: gnl|NCBIFILE|rbcL_Het.sqn/NC-2_1: raw, aa len= 427
WARNING: valid [SEQ_FEAT.GeneXrefNeeded] Feature overlapped by 2 identical-length equivalent genes but has no cross-reference FEATURE: CDS:  [lcl|NC-2_2:<1->1282] [lcl|NC-2_2: raw, dna len= 1282] -> [gnl|NCBIFILE|rbcL_Het.sqn/NC-2_1]
WARNING: valid [SEQ_FEAT.FeatContentDup] Duplicate feature FEATURE: Gene: rbcL [lcl|NC-5:<1->1282] [lcl|NC-5: raw, dna len= 1282]
INFO: valid [SEQ_FEAT.MultiplyAnnotatedGenes] Colliding names in gene features, but feature locations are identical FEATURE: Gene: rbcL [lcl|NC-5:<1->1282] [lcl|NC-5: raw, dna len= 1282]
ERROR: valid [SEQ_FEAT.NoProtRefFound] No full length Prot-ref feature applied to this Bioseq BIOSEQ: gnl|NCBIFILE|rbcL_Het.sqn/NC-5_1: raw, aa len= 427
WARNING: valid [SEQ_FEAT.GeneXrefNeeded] Feature overlapped by 2 identical-length equivalent genes but has no cross-reference FEATURE: CDS:  [lcl|NC-5:<1->1282] [lcl|NC-5: raw, dna len= 1282] -> [gnl|NCBIFILE|rbcL_Het.sqn/NC-5_1]
WARNING: valid [SEQ_FEAT.FeatContentDup] Duplicate feature FEATURE: Gene: rbcL [lcl|OK-C_2:<1->1282] [lcl|OK-C_2: raw, dna len= 1282]
INFO: valid [SEQ_FEAT.MultiplyAnnotatedGenes] Colliding names in gene features, but feature locations are identical FEATURE: Gene: rbcL [lcl|OK-C_2:<1->1282] [lcl|OK-C_2: raw, dna len= 1282]
ERROR: valid [SEQ_FEAT.NoProtRefFound] No full length Prot-ref feature applied to this Bioseq BIOSEQ: gnl|NCBIFILE|rbcL_Het.sqn/OK-C_1: raw, aa len= 427
WARNING: valid [SEQ_FEAT.GeneXrefNeeded] Feature overlapped by 2 identical-length equivalent genes but has no cross-reference FEATURE: CDS:  [lcl|OK-C_2:<1->1282] [lcl|OK-C_2: raw, dna len= 1282] -> [gnl|NCBIFILE|rbcL_Het.sqn/OK-C_1]
WARNING: valid [SEQ_FEAT.FeatContentDup] Duplicate feature FEATURE: Gene: rbcL [lcl|IN-2:<1->1282] [lcl|IN-2: raw, dna len= 1282]
INFO: valid [SEQ_FEAT.MultiplyAnnotatedGenes] Colliding names in gene features, but feature locations are identical FEATURE: Gene: rbcL [lcl|IN-2:<1->1282] [lcl|IN-2: raw, dna len= 1282]
ERROR: valid [SEQ_FEAT.NoProtRefFound] No full length Prot-ref feature applied to this Bioseq BIOSEQ: gnl|NCBIFILE|rbcL_Het.sqn/IN-2_1: raw, aa len= 427
WARNING: valid [SEQ_FEAT.GeneXrefNeeded] Feature overlapped by 2 identical-length equivalent genes but has no cross-reference FEATURE: CDS:  [lcl|IN-2:<1->1282] [lcl|IN-2: raw, dna len= 1282] -> [gnl|NCBIFILE|rbcL_Het.sqn/IN-2_1]
WARNING: valid [SEQ_FEAT.FeatContentDup] Duplicate feature FEATURE: Gene: rbcL [lcl|IN-1_2:<1->1282] [lcl|IN-1_2: raw, dna len= 1282]
INFO: valid [SEQ_FEAT.MultiplyAnnotatedGenes] Colliding names in gene features, but feature locations are identical FEATURE: Gene: rbcL [lcl|IN-1_2:<1->1282] [lcl|IN-1_2: raw, dna len= 1282]
ERROR: valid [SEQ_FEAT.NoProtRefFound] No full length Prot-ref feature applied to this Bioseq BIOSEQ: gnl|NCBIFILE|rbcL_Het.sqn/IN-1_1: raw, aa len= 427
WARNING: valid [SEQ_FEAT.GeneXrefNeeded] Feature overlapped by 2 identical-length equivalent genes but has no cross-reference FEATURE: CDS:  [lcl|IN-1_2:<1->1282] [lcl|IN-1_2: raw, dna len= 1282] -> [gnl|NCBIFILE|rbcL_Het.sqn/IN-1_1]
WARNING: valid [SEQ_FEAT.FeatContentDup] Duplicate feature FEATURE: Gene: rbcL [lcl|PA-4B_2:<1->1282] [lcl|PA-4B_2: raw, dna len= 1282]
INFO: valid [SEQ_FEAT.MultiplyAnnotatedGenes] Colliding names in gene features, but feature locations are identical FEATURE: Gene: rbcL [lcl|PA-4B_2:<1->1282] [lcl|PA-4B_2: raw, dna len= 1282]
ERROR: valid [SEQ_FEAT.NoProtRefFound] No full length Prot-ref feature applied to this Bioseq BIOSEQ: gnl|NCBIFILE|rbcL_Het.sqn/PA-4B_1: raw, aa len= 427
WARNING: valid [SEQ_FEAT.GeneXrefNeeded] Feature overlapped by 2 identical-length equivalent genes but has no cross-reference FEATURE: CDS:  [lcl|PA-4B_2:<1->1282] [lcl|PA-4B_2: raw, dna len= 1282] -> [gnl|NCBIFILE|rbcL_Het.sqn/PA-4B_1]
WARNING: valid [SEQ_FEAT.FeatContentDup] Duplicate feature FEATURE: Gene: rbcL [lcl|RI-P7_2:<1->1282] [lcl|RI-P7_2: raw, dna len= 1282]
INFO: valid [SEQ_FEAT.MultiplyAnnotatedGenes] Colliding names in gene features, but feature locations are identical FEATURE: Gene: rbcL [lcl|RI-P7_2:<1->1282] [lcl|RI-P7_2: raw, dna len= 1282]
ERROR: valid [SEQ_FEAT.NoProtRefFound] No full length Prot-ref feature applied to this Bioseq BIOSEQ: gnl|NCBIFILE|rbcL_Het.sqn/RI-P7_1: raw, aa len= 427
WARNING: valid [SEQ_FEAT.GeneXrefNeeded] Feature overlapped by 2 identical-length equivalent genes but has no cross-reference FEATURE: CDS:  [lcl|RI-P7_2:<1->1282] [lcl|RI-P7_2: raw, dna len= 1282] -> [gnl|NCBIFILE|rbcL_Het.sqn/RI-P7_1]
WARNING: valid [SEQ_FEAT.FeatContentDup] Duplicate feature FEATURE: Gene: rbcL [lcl|SC-L_2:<1->1282] [lcl|SC-L_2: raw, dna len= 1282]
INFO: valid [SEQ_FEAT.MultiplyAnnotatedGenes] Colliding names in gene features, but feature locations are identical FEATURE: Gene: rbcL [lcl|SC-L_2:<1->1282] [lcl|SC-L_2: raw, dna len= 1282]
ERROR: valid [SEQ_FEAT.NoProtRefFound] No full length Prot-ref feature applied to this Bioseq BIOSEQ: gnl|NCBIFILE|rbcL_Het.sqn/SC-L_1: raw, aa len= 427
WARNING: valid [SEQ_FEAT.GeneXrefNeeded] Feature overlapped by 2 identical-length equivalent genes but has no cross-reference FEATURE: CDS:  [lcl|SC-L_2:<1->1282] [lcl|SC-L_2: raw, dna len= 1282] -> [gnl|NCBIFILE|rbcL_Het.sqn/SC-L_1]
WARNING: valid [SEQ_FEAT.FeatContentDup] Duplicate feature FEATURE: Gene: rbcL [lcl|ME-T1_2:<1->1282] [lcl|ME-T1_2: raw, dna len= 1282]
INFO: valid [SEQ_FEAT.MultiplyAnnotatedGenes] Colliding names in gene features, but feature locations are identical FEATURE: Gene: rbcL [lcl|ME-T1_2:<1->1282] [lcl|ME-T1_2: raw, dna len= 1282]
ERROR: valid [SEQ_FEAT.NoProtRefFound] No full length Prot-ref feature applied to this Bioseq BIOSEQ: gnl|NCBIFILE|rbcL_Het.sqn/ME-T1_1: raw, aa len= 427
WARNING: valid [SEQ_FEAT.GeneXrefNeeded] Feature overlapped by 2 identical-length equivalent genes but has no cross-reference FEATURE: CDS:  [lcl|ME-T1_2:<1->1282] [lcl|ME-T1_2: raw, dna len= 1282] -> [gnl|NCBIFILE|rbcL_Het.sqn/ME-T1_1]
WARNING: valid [SEQ_FEAT.FeatContentDup] Duplicate feature FEATURE: Gene: rbcL [lcl|OH-LC_2:<1->1282] [lcl|OH-LC_2: raw, dna len= 1282]
INFO: valid [SEQ_FEAT.MultiplyAnnotatedGenes] Colliding names in gene features, but feature locations are identical FEATURE: Gene: rbcL [lcl|OH-LC_2:<1->1282] [lcl|OH-LC_2: raw, dna len= 1282]
ERROR: valid [SEQ_FEAT.NoProtRefFound] No full length Prot-ref feature applied to this Bioseq BIOSEQ: gnl|NCBIFILE|rbcL_Het.sqn/OH-LC_1: raw, aa len= 427
WARNING: valid [SEQ_FEAT.GeneXrefNeeded] Feature overlapped by 2 identical-length equivalent genes but has no cross-reference FEATURE: CDS:  [lcl|OH-LC_2:<1->1282] [lcl|OH-LC_2: raw, dna len= 1282] -> [gnl|NCBIFILE|rbcL_Het.sqn/OH-LC_1]
WARNING: valid [SEQ_FEAT.FeatContentDup] Duplicate feature FEATURE: Gene: rbcL [lcl|OH-MRL1_2:<1->1282] [lcl|OH-MRL1_2: raw, dna len= 1282]
INFO: valid [SEQ_FEAT.MultiplyAnnotatedGenes] Colliding names in gene features, but feature locations are identical FEATURE: Gene: rbcL [lcl|OH-MRL1_2:<1->1282] [lcl|OH-MRL1_2: raw, dna len= 1282]
ERROR: valid [SEQ_FEAT.NoProtRefFound] No full length Prot-ref feature applied to this Bioseq BIOSEQ: gnl|NCBIFILE|rbcL_Het.sqn/OH-MRL1_1: raw, aa len= 427
WARNING: valid [SEQ_FEAT.GeneXrefNeeded] Feature overlapped by 2 identical-length equivalent genes but has no cross-reference FEATURE: CDS:  [lcl|OH-MRL1_2:<1->1282] [lcl|OH-MRL1_2: raw, dna len= 1282] -> [gnl|NCBIFILE|rbcL_Het.sqn/OH-MRL1_1]
WARNING: valid [SEQ_FEAT.FeatContentDup] Duplicate feature FEATURE: Gene: rbcL [lcl|WI-0201_2:<1->1282] [lcl|WI-0201_2: raw, dna len= 1282]
INFO: valid [SEQ_FEAT.MultiplyAnnotatedGenes] Colliding names in gene features, but feature locations are identical FEATURE: Gene: rbcL [lcl|WI-0201_2:<1->1282] [lcl|WI-0201_2: raw, dna len= 1282]
ERROR: valid [SEQ_FEAT.NoProtRefFound] No full length Prot-ref feature applied to this Bioseq BIOSEQ: gnl|NCBIFILE|rbcL_Het.sqn/WI-0201_1: raw, aa len= 427
WARNING: valid [SEQ_FEAT.GeneXrefNeeded] Feature overlapped by 2 identical-length equivalent genes but has no cross-reference FEATURE: CDS:  [lcl|WI-0201_2:<1->1282] [lcl|WI-0201_2: raw, dna len= 1282] -> [gnl|NCBIFILE|rbcL_Het.sqn/WI-0201_1]
WARNING: valid [SEQ_FEAT.FeatContentDup] Duplicate feature FEATURE: Gene: rbcL [lcl|GA-5_2:<1->1282] [lcl|GA-5_2: raw, dna len= 1282]
INFO: valid [SEQ_FEAT.MultiplyAnnotatedGenes] Colliding names in gene features, but feature locations are identical FEATURE: Gene: rbcL [lcl|GA-5_2:<1->1282] [lcl|GA-5_2: raw, dna len= 1282]
ERROR: valid [SEQ_FEAT.NoProtRefFound] No full length Prot-ref feature applied to this Bioseq BIOSEQ: gnl|NCBIFILE|rbcL_Het.sqn/GA-5_1: raw, aa len= 427
WARNING: valid [SEQ_FEAT.GeneXrefNeeded] Feature overlapped by 2 identical-length equivalent genes but has no cross-reference FEATURE: CDS:  [lcl|GA-5_2:<1->1282] [lcl|GA-5_2: raw, dna len= 1282] -> [gnl|NCBIFILE|rbcL_Het.sqn/GA-5_1]
WARNING: valid [SEQ_FEAT.FeatContentDup] Duplicate feature FEATURE: Gene: rbcL [lcl|GA-8_2:<1->1282] [lcl|GA-8_2: raw, dna len= 1282]
INFO: valid [SEQ_FEAT.MultiplyAnnotatedGenes] Colliding names in gene features, but feature locations are identical FEATURE: Gene: rbcL [lcl|GA-8_2:<1->1282] [lcl|GA-8_2: raw, dna len= 1282]
ERROR: valid [SEQ_FEAT.NoProtRefFound] No full length Prot-ref feature applied to this Bioseq BIOSEQ: gnl|NCBIFILE|rbcL_Het.sqn/GA-8_1: raw, aa len= 427
WARNING: valid [SEQ_FEAT.GeneXrefNeeded] Feature overlapped by 2 identical-length equivalent genes but has no cross-reference FEATURE: CDS:  [lcl|GA-8_2:<1->1282] [lcl|GA-8_2: raw, dna len= 1282] -> [gnl|NCBIFILE|rbcL_Het.sqn/GA-8_1]
WARNING: valid [SEQ_FEAT.FeatContentDup] Duplicate feature FEATURE: Gene: rbcL [lcl|GA-13_2:<1->1282] [lcl|GA-13_2: raw, dna len= 1282]
INFO: valid [SEQ_FEAT.MultiplyAnnotatedGenes] Colliding names in gene features, but feature locations are identical FEATURE: Gene: rbcL [lcl|GA-13_2:<1->1282] [lcl|GA-13_2: raw, dna len= 1282]
ERROR: valid [SEQ_FEAT.NoProtRefFound] No full length Prot-ref feature applied to this Bioseq BIOSEQ: gnl|NCBIFILE|rbcL_Het.sqn/GA-13_1: raw, aa len= 427
WARNING: valid [SEQ_FEAT.GeneXrefNeeded] Feature overlapped by 2 identical-length equivalent genes but has no cross-reference FEATURE: CDS:  [lcl|GA-13_2:<1->1282] [lcl|GA-13_2: raw, dna len= 1282] -> [gnl|NCBIFILE|rbcL_Het.sqn/GA-13_1]
WARNING: valid [SEQ_FEAT.FeatContentDup] Duplicate feature FEATURE: Gene: rbcL [lcl|TN-W_2:<1->1282] [lcl|TN-W_2: raw, dna len= 1282]
INFO: valid [SEQ_FEAT.MultiplyAnnotatedGenes] Colliding names in gene features, but feature locations are identical FEATURE: Gene: rbcL [lcl|TN-W_2:<1->1282] [lcl|TN-W_2: raw, dna len= 1282]
ERROR: valid [SEQ_FEAT.NoProtRefFound] No full length Prot-ref feature applied to this Bioseq BIOSEQ: gnl|NCBIFILE|rbcL_Het.sqn/TN-W_1: raw, aa len= 427
WARNING: valid [SEQ_FEAT.GeneXrefNeeded] Feature overlapped by 2 identical-length equivalent genes but has no cross-reference FEATURE: CDS:  [lcl|TN-W_2:<1->1282] [lcl|TN-W_2: raw, dna len= 1282] -> [gnl|NCBIFILE|rbcL_Het.sqn/TN-W_1]
WARNING: valid [SEQ_FEAT.FeatContentDup] Duplicate feature FEATURE: Gene: rbcL [lcl|accAF029140:<1->1282] [lcl|accAF029140: raw, dna len= 1282]
INFO: valid [SEQ_FEAT.MultiplyAnnotatedGenes] Colliding names in gene features, but feature locations are identical FEATURE: Gene: rbcL [lcl|accAF029140:<1->1282] [lcl|accAF029140: raw, dna len= 1282]
ERROR: valid [SEQ_FEAT.NoProtRefFound] No full length Prot-ref feature applied to this Bioseq BIOSEQ: gnl|NCBIFILE|rbcL_Het.sqn/accAF029140_1: raw, aa len= 427
WARNING: valid [SEQ_FEAT.GeneXrefNeeded] Feature overlapped by 2 identical-length equivalent genes but has no cross-reference FEATURE: CDS:  [lcl|accAF029140:<1->1282] [lcl|accAF029140: raw, dna len= 1282] -> [gnl|NCBIFILE|rbcL_Het.sqn/accAF029140_1]
WARNING: valid [SEQ_FEAT.FeatContentDup] Duplicate feature FEATURE: Gene: rbcL [lcl|accAF029161:<1->836] [lcl|accAF029161: raw, dna len= 836]
INFO: valid [SEQ_FEAT.MultiplyAnnotatedGenes] Colliding names in gene features, but feature locations are identical FEATURE: Gene: rbcL [lcl|accAF029161:<1->836] [lcl|accAF029161: raw, dna len= 836]
ERROR: valid [SEQ_FEAT.NoProtRefFound] No full length Prot-ref feature applied to this Bioseq BIOSEQ: gnl|NCBIFILE|rbcL_Het.sqn/accAF029161_1: raw, aa len= 279
WARNING: valid [SEQ_FEAT.GeneXrefNeeded] Feature overlapped by 2 identical-length equivalent genes but has no cross-reference FEATURE: CDS:  [lcl|accAF029161:<1->836] [lcl|accAF029161: raw, dna len= 836] -> [gnl|NCBIFILE|rbcL_Het.sqn/accAF029161_1]
WARNING: valid [SEQ_FEAT.FeatContentDup] Duplicate feature FEATURE: Gene: rbcL [lcl|accDQ393132:<1->1282] [lcl|accDQ393132: raw, dna len= 1282]
INFO: valid [SEQ_FEAT.MultiplyAnnotatedGenes] Colliding names in gene features, but feature locations are identical FEATURE: Gene: rbcL [lcl|accDQ393132:<1->1282] [lcl|accDQ393132: raw, dna len= 1282]
ERROR: valid [SEQ_FEAT.NoProtRefFound] No full length Prot-ref feature applied to this Bioseq BIOSEQ: gnl|NCBIFILE|rbcL_Het.sqn/accDQ393132_1: raw, aa len= 427
WARNING: valid [SEQ_FEAT.GeneXrefNeeded] Feature overlapped by 2 identical-length equivalent genes but has no cross-reference FEATURE: CDS:  [lcl|accDQ393132:<1->1282] [lcl|accDQ393132: raw, dna len= 1282] -> [gnl|NCBIFILE|rbcL_Het.sqn/accDQ393132_1]
WARNING: valid [SEQ_FEAT.FeatContentDup] Duplicate feature FEATURE: Gene: rbcL [lcl|AZ_2:<1->1282] [lcl|AZ_2: raw, dna len= 1282]
INFO: valid [SEQ_FEAT.MultiplyAnnotatedGenes] Colliding names in gene features, but feature locations are identical FEATURE: Gene: rbcL [lcl|AZ_2:<1->1282] [lcl|AZ_2: raw, dna len= 1282]
ERROR: valid [SEQ_FEAT.NoProtRefFound] No full length Prot-ref feature applied to this Bioseq BIOSEQ: gnl|NCBIFILE|rbcL_Het.sqn/AZ_1: raw, aa len= 427
WARNING: valid [SEQ_FEAT.GeneXrefNeeded] Feature overlapped by 2 identical-length equivalent genes but has no cross-reference FEATURE: CDS:  [lcl|AZ_2:<1->1282] [lcl|AZ_2: raw, dna len= 1282] -> [gnl|NCBIFILE|rbcL_Het.sqn/AZ_1]
WARNING: valid [SEQ_FEAT.FeatContentDup] Duplicate feature FEATURE: Gene: rbcL [lcl|accDQ393133:<1->1282] [lcl|accDQ393133: raw, dna len= 1282]
INFO: valid [SEQ_FEAT.MultiplyAnnotatedGenes] Colliding names in gene features, but feature locations are identical FEATURE: Gene: rbcL [lcl|accDQ393133:<1->1282] [lcl|accDQ393133: raw, dna len= 1282]
ERROR: valid [SEQ_FEAT.NoProtRefFound] No full length Prot-ref feature applied to this Bioseq BIOSEQ: gnl|NCBIFILE|rbcL_Het.sqn/accDQ393133_1: raw, aa len= 427
WARNING: valid [SEQ_FEAT.GeneXrefNeeded] Feature overlapped by 2 identical-length equivalent genes but has no cross-reference FEATURE: CDS:  [lcl|accDQ393133:<1->1282] [lcl|accDQ393133: raw, dna len= 1282] -> [gnl|NCBIFILE|rbcL_Het.sqn/accDQ393133_1]
WARNING: valid [SEQ_FEAT.FeatContentDup] Duplicate feature FEATURE: Gene: rbcL [lcl|accGU810833:<1->1282] [lcl|accGU810833: raw, dna len= 1282]
INFO: valid [SEQ_FEAT.MultiplyAnnotatedGenes] Colliding names in gene features, but feature locations are identical FEATURE: Gene: rbcL [lcl|accGU810833:<1->1282] [lcl|accGU810833: raw, dna len= 1282]
ERROR: valid [SEQ_FEAT.NoProtRefFound] No full length Prot-ref feature applied to this Bioseq BIOSEQ: gnl|NCBIFILE|rbcL_Het.sqn/accGU810833_1: raw, aa len= 427
WARNING: valid [SEQ_FEAT.GenCodeMismatch] Genetic code conflict between CDS (code 11) and BioSource (code 1) FEATURE: CDS:  [lcl|accGU810833:<1->1282] [lcl|accGU810833: raw, dna len= 1282] -> [gnl|NCBIFILE|rbcL_Het.sqn/accGU810833_1]
WARNING: valid [SEQ_FEAT.GeneXrefNeeded] Feature overlapped by 2 identical-length equivalent genes but has no cross-reference FEATURE: CDS:  [lcl|accGU810833:<1->1282] [lcl|accGU810833: raw, dna len= 1282] -> [gnl|NCBIFILE|rbcL_Het.sqn/accGU810833_1]
WARNING: valid [SEQ_FEAT.FeatContentDup] Duplicate feature FEATURE: Gene: rbcL [lcl|accGU810834:<1->1282] [lcl|accGU810834: raw, dna len= 1282]
INFO: valid [SEQ_FEAT.MultiplyAnnotatedGenes] Colliding names in gene features, but feature locations are identical FEATURE: Gene: rbcL [lcl|accGU810834:<1->1282] [lcl|accGU810834: raw, dna len= 1282]
ERROR: valid [SEQ_FEAT.NoProtRefFound] No full length Prot-ref feature applied to this Bioseq BIOSEQ: gnl|NCBIFILE|rbcL_Het.sqn/accGU810834_1: raw, aa len= 427
WARNING: valid [SEQ_FEAT.GenCodeMismatch] Genetic code conflict between CDS (code 11) and BioSource (code 1) FEATURE: CDS:  [lcl|accGU810834:<1->1282] [lcl|accGU810834: raw, dna len= 1282] -> [gnl|NCBIFILE|rbcL_Het.sqn/accGU810834_1]
WARNING: valid [SEQ_FEAT.GeneXrefNeeded] Feature overlapped by 2 identical-length equivalent genes but has no cross-reference FEATURE: CDS:  [lcl|accGU810834:<1->1282] [lcl|accGU810834: raw, dna len= 1282] -> [gnl|NCBIFILE|rbcL_Het.sqn/accGU810834_1]
WARNING: valid [SEQ_FEAT.FeatContentDup] Duplicate feature FEATURE: Gene: rbcL [lcl|accDQ393136_2:<1->1282] [lcl|accDQ393136_2: raw, dna len= 1282]
INFO: valid [SEQ_FEAT.MultiplyAnnotatedGenes] Colliding names in gene features, but feature locations are identical FEATURE: Gene: rbcL [lcl|accDQ393136_2:<1->1282] [lcl|accDQ393136_2: raw, dna len= 1282]
ERROR: valid [SEQ_FEAT.NoProtRefFound] No full length Prot-ref feature applied to this Bioseq BIOSEQ: gnl|NCBIFILE|rbcL_Het.sqn/accDQ393136_1: raw, aa len= 427
WARNING: valid [SEQ_FEAT.GeneXrefNeeded] Feature overlapped by 2 identical-length equivalent genes but has no cross-reference FEATURE: CDS:  [lcl|accDQ393136_2:<1->1282] [lcl|accDQ393136_2: raw, dna len= 1282] -> [gnl|NCBIFILE|rbcL_Het.sqn/accDQ393136_1]
WARNING: valid [SEQ_FEAT.FeatContentDup] Duplicate feature FEATURE: Gene: rbcL [lcl|accAF029143:<1->1282] [lcl|accAF029143: raw, dna len= 1282]
INFO: valid [SEQ_FEAT.MultiplyAnnotatedGenes] Colliding names in gene features, but feature locations are identical FEATURE: Gene: rbcL [lcl|accAF029143:<1->1282] [lcl|accAF029143: raw, dna len= 1282]
ERROR: valid [SEQ_FEAT.NoProtRefFound] No full length Prot-ref feature applied to this Bioseq BIOSEQ: gnl|NCBIFILE|rbcL_Het.sqn/accAF029143_1: raw, aa len= 427
WARNING: valid [SEQ_FEAT.GeneXrefNeeded] Feature overlapped by 2 identical-length equivalent genes but has no cross-reference FEATURE: CDS:  [lcl|accAF029143:<1->1282] [lcl|accAF029143: raw, dna len= 1282] -> [gnl|NCBIFILE|rbcL_Het.sqn/accAF029143_1]
WARNING: valid [SEQ_FEAT.FeatContentDup] Duplicate feature FEATURE: Gene: rbcL [lcl|accJF701682:<1->1282] [lcl|accJF701682: raw, dna len= 1282]
INFO: valid [SEQ_FEAT.MultiplyAnnotatedGenes] Colliding names in gene features, but feature locations are identical FEATURE: Gene: rbcL [lcl|accJF701682:<1->1282] [lcl|accJF701682: raw, dna len= 1282]
ERROR: valid [SEQ_FEAT.NoProtRefFound] No full length Prot-ref feature applied to this Bioseq BIOSEQ: gnl|NCBIFILE|rbcL_Het.sqn/accJF701682_1: raw, aa len= 427
WARNING: valid [SEQ_FEAT.GeneXrefNeeded] Feature overlapped by 2 identical-length equivalent genes but has no cross-reference FEATURE: CDS:  [lcl|accJF701682:<1->1282] [lcl|accJF701682: raw, dna len= 1282] -> [gnl|NCBIFILE|rbcL_Het.sqn/accJF701682_1]
WARNING: valid [SEQ_FEAT.FeatContentDup] Duplicate feature FEATURE: Gene: rbcL [lcl|OK-B:<1->1282] [lcl|OK-B: raw, dna len= 1282]
INFO: valid [SEQ_FEAT.MultiplyAnnotatedGenes] Colliding names in gene features, but feature locations are identical FEATURE: Gene: rbcL [lcl|OK-B:<1->1282] [lcl|OK-B: raw, dna len= 1282]
ERROR: valid [SEQ_FEAT.NoProtRefFound] No full length Prot-ref feature applied to this Bioseq BIOSEQ: gnl|NCBIFILE|rbcL_Het.sqn/OK-B_1: raw, aa len= 427
WARNING: valid [SEQ_FEAT.GeneXrefNeeded] Feature overlapped by 2 identical-length equivalent genes but has no cross-reference FEATURE: CDS:  [lcl|OK-B:<1->1282] [lcl|OK-B: raw, dna len= 1282] -> [gnl|NCBIFILE|rbcL_Het.sqn/OK-B_1]
WARNING: valid [SEQ_FEAT.FeatContentDup] Duplicate feature FEATURE: Gene: rbcL [lcl|accEF116869:<1->1282] [lcl|accEF116869: raw, dna len= 1282]
INFO: valid [SEQ_FEAT.MultiplyAnnotatedGenes] Colliding names in gene features, but feature locations are identical FEATURE: Gene: rbcL [lcl|accEF116869:<1->1282] [lcl|accEF116869: raw, dna len= 1282]
ERROR: valid [SEQ_FEAT.NoProtRefFound] No full length Prot-ref feature applied to this Bioseq BIOSEQ: gnl|NCBIFILE|rbcL_Het.sqn/accEF116869_1: raw, aa len= 427
WARNING: valid [SEQ_FEAT.GeneXrefNeeded] Feature overlapped by 2 identical-length equivalent genes but has no cross-reference FEATURE: CDS:  [lcl|accEF116869:<1->1282] [lcl|accEF116869: raw, dna len= 1282] -> [gnl|NCBIFILE|rbcL_Het.sqn/accEF116869_1]
WARNING: valid [SEQ_FEAT.FeatContentDup] Duplicate feature FEATURE: Gene: rbcL [lcl|accEF116876:<1->1282] [lcl|accEF116876: raw, dna len= 1282]
INFO: valid [SEQ_FEAT.MultiplyAnnotatedGenes] Colliding names in gene features, but feature locations are identical FEATURE: Gene: rbcL [lcl|accEF116876:<1->1282] [lcl|accEF116876: raw, dna len= 1282]
ERROR: valid [SEQ_FEAT.NoProtRefFound] No full length Prot-ref feature applied to this Bioseq BIOSEQ: gnl|NCBIFILE|rbcL_Het.sqn/accEF116876_1: raw, aa len= 427
WARNING: valid [SEQ_FEAT.GeneXrefNeeded] Feature overlapped by 2 identical-length equivalent genes but has no cross-reference FEATURE: CDS:  [lcl|accEF116876:<1->1282] [lcl|accEF116876: raw, dna len= 1282] -> [gnl|NCBIFILE|rbcL_Het.sqn/accEF116876_1]
WARNING: valid [SEQ_FEAT.FeatContentDup] Duplicate feature FEATURE: Gene: rbcL [lcl|accEF116871:<1->1282] [lcl|accEF116871: raw, dna len= 1282]
INFO: valid [SEQ_FEAT.MultiplyAnnotatedGenes] Colliding names in gene features, but feature locations are identical FEATURE: Gene: rbcL [lcl|accEF116871:<1->1282] [lcl|accEF116871: raw, dna len= 1282]
ERROR: valid [SEQ_FEAT.NoProtRefFound] No full length Prot-ref feature applied to this Bioseq BIOSEQ: gnl|NCBIFILE|rbcL_Het.sqn/accEF116871_1: raw, aa len= 427
WARNING: valid [SEQ_FEAT.GeneXrefNeeded] Feature overlapped by 2 identical-length equivalent genes but has no cross-reference FEATURE: CDS:  [lcl|accEF116871:<1->1282] [lcl|accEF116871: raw, dna len= 1282] -> [gnl|NCBIFILE|rbcL_Het.sqn/accEF116871_1]
WARNING: valid [SEQ_FEAT.FeatContentDup] Duplicate feature FEATURE: Gene: rbcL [lcl|EST:<1->1282] [lcl|EST: raw, dna len= 1282]
INFO: valid [SEQ_FEAT.MultiplyAnnotatedGenes] Colliding names in gene features, but feature locations are identical FEATURE: Gene: rbcL [lcl|EST:<1->1282] [lcl|EST: raw, dna len= 1282]
ERROR: valid [SEQ_FEAT.NoProtRefFound] No full length Prot-ref feature applied to this Bioseq BIOSEQ: gnl|NCBIFILE|rbcL_Het.sqn/EST_1: raw, aa len= 427
WARNING: valid [SEQ_FEAT.GeneXrefNeeded] Feature overlapped by 2 identical-length equivalent genes but has no cross-reference FEATURE: CDS:  [lcl|EST:<1->1282] [lcl|EST: raw, dna len= 1282] -> [gnl|NCBIFILE|rbcL_Het.sqn/EST_1]
WARNING: valid [SEQ_FEAT.FeatContentDup] Duplicate feature FEATURE: Gene: rbcL [lcl|LI:<1->1282] [lcl|LI: raw, dna len= 1282]
INFO: valid [SEQ_FEAT.MultiplyAnnotatedGenes] Colliding names in gene features, but feature locations are identical FEATURE: Gene: rbcL [lcl|LI:<1->1282] [lcl|LI: raw, dna len= 1282]
ERROR: valid [SEQ_FEAT.NoProtRefFound] No full length Prot-ref feature applied to this Bioseq BIOSEQ: gnl|NCBIFILE|rbcL_Het.sqn/LI_1: raw, aa len= 427
WARNING: valid [SEQ_FEAT.GeneXrefNeeded] Feature overlapped by 2 identical-length equivalent genes but has no cross-reference FEATURE: CDS:  [lcl|LI:<1->1282] [lcl|LI: raw, dna len= 1282] -> [gnl|NCBIFILE|rbcL_Het.sqn/LI_1]
WARNING: valid [SEQ_FEAT.FeatContentDup] Duplicate feature FEATURE: Gene: rbcL [lcl|PL-24-2008_2:<1->1282] [lcl|PL-24-2008_2: raw, dna len= 1282]
INFO: valid [SEQ_FEAT.MultiplyAnnotatedGenes] Colliding names in gene features, but feature locations are identical FEATURE: Gene: rbcL [lcl|PL-24-2008_2:<1->1282] [lcl|PL-24-2008_2: raw, dna len= 1282]
ERROR: valid [SEQ_FEAT.NoProtRefFound] No full length Prot-ref feature applied to this Bioseq BIOSEQ: gnl|NCBIFILE|rbcL_Het.sqn/PL-24-2008_1: raw, aa len= 427
WARNING: valid [SEQ_FEAT.GeneXrefNeeded] Feature overlapped by 2 identical-length equivalent genes but has no cross-reference FEATURE: CDS:  [lcl|PL-24-2008_2:<1->1282] [lcl|PL-24-2008_2: raw, dna len= 1282] -> [gnl|NCBIFILE|rbcL_Het.sqn/PL-24-2008_1]
WARNING: valid [SEQ_FEAT.FeatContentDup] Duplicate feature FEATURE: Gene: rbcL [lcl|S-PL-4-2010:<1->1282] [lcl|S-PL-4-2010: raw, dna len= 1282]
INFO: valid [SEQ_FEAT.MultiplyAnnotatedGenes] Colliding names in gene features, but feature locations are identical FEATURE: Gene: rbcL [lcl|S-PL-4-2010:<1->1282] [lcl|S-PL-4-2010: raw, dna len= 1282]
ERROR: valid [SEQ_FEAT.NoProtRefFound] No full length Prot-ref feature applied to this Bioseq BIOSEQ: gnl|NCBIFILE|rbcL_Het.sqn/S-PL-4-2010_1: raw, aa len= 427
WARNING: valid [SEQ_FEAT.GeneXrefNeeded] Feature overlapped by 2 identical-length equivalent genes but has no cross-reference FEATURE: CDS:  [lcl|S-PL-4-2010:<1->1282] [lcl|S-PL-4-2010: raw, dna len= 1282] -> [gnl|NCBIFILE|rbcL_Het.sqn/S-PL-4-2010_1]
WARNING: valid [SEQ_FEAT.FeatContentDup] Duplicate feature FEATURE: Gene: rbcL [lcl|S-PL-5-2010:<1->1282] [lcl|S-PL-5-2010: raw, dna len= 1282]
INFO: valid [SEQ_FEAT.MultiplyAnnotatedGenes] Colliding names in gene features, but feature locations are identical FEATURE: Gene: rbcL [lcl|S-PL-5-2010:<1->1282] [lcl|S-PL-5-2010: raw, dna len= 1282]
ERROR: valid [SEQ_FEAT.NoProtRefFound] No full length Prot-ref feature applied to this Bioseq BIOSEQ: gnl|NCBIFILE|rbcL_Het.sqn/S-PL-5-2010_1: raw, aa len= 427
WARNING: valid [SEQ_FEAT.GeneXrefNeeded] Feature overlapped by 2 identical-length equivalent genes but has no cross-reference FEATURE: CDS:  [lcl|S-PL-5-2010:<1->1282] [lcl|S-PL-5-2010: raw, dna len= 1282] -> [gnl|NCBIFILE|rbcL_Het.sqn/S-PL-5-2010_1]
WARNING: valid [SEQ_FEAT.FeatContentDup] Duplicate feature FEATURE: Gene: rbcL [lcl|FI-16-2009_2:<1->1282] [lcl|FI-16-2009_2: raw, dna len= 1282]
INFO: valid [SEQ_FEAT.MultiplyAnnotatedGenes] Colliding names in gene features, but feature locations are identical FEATURE: Gene: rbcL [lcl|FI-16-2009_2:<1->1282] [lcl|FI-16-2009_2: raw, dna len= 1282]
ERROR: valid [SEQ_FEAT.NoProtRefFound] No full length Prot-ref feature applied to this Bioseq BIOSEQ: gnl|NCBIFILE|rbcL_Het.sqn/FI-16-2009_1: raw, aa len= 427
WARNING: valid [SEQ_FEAT.GeneXrefNeeded] Feature overlapped by 2 identical-length equivalent genes but has no cross-reference FEATURE: CDS:  [lcl|FI-16-2009_2:<1->1282] [lcl|FI-16-2009_2: raw, dna len= 1282] -> [gnl|NCBIFILE|rbcL_Het.sqn/FI-16-2009_1]
WARNING: valid [SEQ_FEAT.FeatContentDup] Duplicate feature FEATURE: Gene: rbcL [lcl|FI-19-2009_2:<1->1282] [lcl|FI-19-2009_2: raw, dna len= 1282]
INFO: valid [SEQ_FEAT.MultiplyAnnotatedGenes] Colliding names in gene features, but feature locations are identical FEATURE: Gene: rbcL [lcl|FI-19-2009_2:<1->1282] [lcl|FI-19-2009_2: raw, dna len= 1282]
ERROR: valid [SEQ_FEAT.NoProtRefFound] No full length Prot-ref feature applied to this Bioseq BIOSEQ: gnl|NCBIFILE|rbcL_Het.sqn/FI-19-2009_1: raw, aa len= 427
WARNING: valid [SEQ_FEAT.GeneXrefNeeded] Feature overlapped by 2 identical-length equivalent genes but has no cross-reference FEATURE: CDS:  [lcl|FI-19-2009_2:<1->1282] [lcl|FI-19-2009_2: raw, dna len= 1282] -> [gnl|NCBIFILE|rbcL_Het.sqn/FI-19-2009_1]
WARNING: valid [SEQ_FEAT.FeatContentDup] Duplicate feature FEATURE: Gene: rbcL [lcl|LI-19-2008:<1->1282] [lcl|LI-19-2008: raw, dna len= 1282]
INFO: valid [SEQ_FEAT.MultiplyAnnotatedGenes] Colliding names in gene features, but feature locations are identical FEATURE: Gene: rbcL [lcl|LI-19-2008:<1->1282] [lcl|LI-19-2008: raw, dna len= 1282]
ERROR: valid [SEQ_FEAT.NoProtRefFound] No full length Prot-ref feature applied to this Bioseq BIOSEQ: gnl|NCBIFILE|rbcL_Het.sqn/LI-19-2008_1: raw, aa len= 427
WARNING: valid [SEQ_FEAT.GeneXrefNeeded] Feature overlapped by 2 identical-length equivalent genes but has no cross-reference FEATURE: CDS:  [lcl|LI-19-2008:<1->1282] [lcl|LI-19-2008: raw, dna len= 1282] -> [gnl|NCBIFILE|rbcL_Het.sqn/LI-19-2008_1]
WARNING: valid [SEQ_FEAT.FeatContentDup] Duplicate feature FEATURE: Gene: rbcL [lcl|N-PL-5-2010:<1->1282] [lcl|N-PL-5-2010: raw, dna len= 1282]
INFO: valid [SEQ_FEAT.MultiplyAnnotatedGenes] Colliding names in gene features, but feature locations are identical FEATURE: Gene: rbcL [lcl|N-PL-5-2010:<1->1282] [lcl|N-PL-5-2010: raw, dna len= 1282]
ERROR: valid [SEQ_FEAT.NoProtRefFound] No full length Prot-ref feature applied to this Bioseq BIOSEQ: gnl|NCBIFILE|rbcL_Het.sqn/N-PL-5-2010_1: raw, aa len= 427
WARNING: valid [SEQ_FEAT.GeneXrefNeeded] Feature overlapped by 2 identical-length equivalent genes but has no cross-reference FEATURE: CDS:  [lcl|N-PL-5-2010:<1->1282] [lcl|N-PL-5-2010: raw, dna len= 1282] -> [gnl|NCBIFILE|rbcL_Het.sqn/N-PL-5-2010_1]
WARNING: valid [SEQ_FEAT.FeatContentDup] Duplicate feature FEATURE: Gene: rbcL [lcl|GB-6-2010_2:<1->1282] [lcl|GB-6-2010_2: raw, dna len= 1282]
INFO: valid [SEQ_FEAT.MultiplyAnnotatedGenes] Colliding names in gene features, but feature locations are identical FEATURE: Gene: rbcL [lcl|GB-6-2010_2:<1->1282] [lcl|GB-6-2010_2: raw, dna len= 1282]
ERROR: valid [SEQ_FEAT.NoProtRefFound] No full length Prot-ref feature applied to this Bioseq BIOSEQ: gnl|NCBIFILE|rbcL_Het.sqn/GB-6-2010_1: raw, aa len= 427
WARNING: valid [SEQ_FEAT.GeneXrefNeeded] Feature overlapped by 2 identical-length equivalent genes but has no cross-reference FEATURE: CDS:  [lcl|GB-6-2010_2:<1->1282] [lcl|GB-6-2010_2: raw, dna len= 1282] -> [gnl|NCBIFILE|rbcL_Het.sqn/GB-6-2010_1]
WARNING: valid [SEQ_FEAT.FeatContentDup] Duplicate feature FEATURE: Gene: rbcL [lcl|GB-1-2010:<1->1282] [lcl|GB-1-2010: raw, dna len= 1282]
INFO: valid [SEQ_FEAT.MultiplyAnnotatedGenes] Colliding names in gene features, but feature locations are identical FEATURE: Gene: rbcL [lcl|GB-1-2010:<1->1282] [lcl|GB-1-2010: raw, dna len= 1282]
ERROR: valid [SEQ_FEAT.NoProtRefFound] No full length Prot-ref feature applied to this Bioseq BIOSEQ: gnl|NCBIFILE|rbcL_Het.sqn/GB-1-2010_1: raw, aa len= 427
WARNING: valid [SEQ_FEAT.GeneXrefNeeded] Feature overlapped by 2 identical-length equivalent genes but has no cross-reference FEATURE: CDS:  [lcl|GB-1-2010:<1->1282] [lcl|GB-1-2010: raw, dna len= 1282] -> [gnl|NCBIFILE|rbcL_Het.sqn/GB-1-2010_1]
WARNING: valid [SEQ_FEAT.FeatContentDup] Duplicate feature FEATURE: Gene: rbcL [lcl|GB-E35_2:<1->1282] [lcl|GB-E35_2: raw, dna len= 1282]
INFO: valid [SEQ_FEAT.MultiplyAnnotatedGenes] Colliding names in gene features, but feature locations are identical FEATURE: Gene: rbcL [lcl|GB-E35_2:<1->1282] [lcl|GB-E35_2: raw, dna len= 1282]
ERROR: valid [SEQ_FEAT.NoProtRefFound] No full length Prot-ref feature applied to this Bioseq BIOSEQ: gnl|NCBIFILE|rbcL_Het.sqn/GB-E35_1: raw, aa len= 427
WARNING: valid [SEQ_FEAT.GeneXrefNeeded] Feature overlapped by 2 identical-length equivalent genes but has no cross-reference FEATURE: CDS:  [lcl|GB-E35_2:<1->1282] [lcl|GB-E35_2: raw, dna len= 1282] -> [gnl|NCBIFILE|rbcL_Het.sqn/GB-E35_1]
WARNING: valid [SEQ_FEAT.FeatContentDup] Duplicate feature FEATURE: Gene: rbcL [lcl|PL-9-2011_2:<1->1282] [lcl|PL-9-2011_2: raw, dna len= 1282]
INFO: valid [SEQ_FEAT.MultiplyAnnotatedGenes] Colliding names in gene features, but feature locations are identical FEATURE: Gene: rbcL [lcl|PL-9-2011_2:<1->1282] [lcl|PL-9-2011_2: raw, dna len= 1282]
ERROR: valid [SEQ_FEAT.NoProtRefFound] No full length Prot-ref feature applied to this Bioseq BIOSEQ: gnl|NCBIFILE|rbcL_Het.sqn/PL-9-2011_1: raw, aa len= 427
WARNING: valid [SEQ_FEAT.GeneXrefNeeded] Feature overlapped by 2 identical-length equivalent genes but has no cross-reference FEATURE: CDS:  [lcl|PL-9-2011_2:<1->1282] [lcl|PL-9-2011_2: raw, dna len= 1282] -> [gnl|NCBIFILE|rbcL_Het.sqn/PL-9-2011_1]
WARNING: valid [SEQ_FEAT.FeatContentDup] Duplicate feature FEATURE: Gene: rbcL [lcl|VA-E16_2:<1->1282] [lcl|VA-E16_2: raw, dna len= 1282]
INFO: valid [SEQ_FEAT.MultiplyAnnotatedGenes] Colliding names in gene features, but feature locations are identical FEATURE: Gene: rbcL [lcl|VA-E16_2:<1->1282] [lcl|VA-E16_2: raw, dna len= 1282]
ERROR: valid [SEQ_FEAT.NoProtRefFound] No full length Prot-ref feature applied to this Bioseq BIOSEQ: gnl|NCBIFILE|rbcL_Het.sqn/VA-E16_1: raw, aa len= 427
WARNING: valid [SEQ_FEAT.GeneXrefNeeded] Feature overlapped by 2 identical-length equivalent genes but has no cross-reference FEATURE: CDS:  [lcl|VA-E16_2:<1->1282] [lcl|VA-E16_2: raw, dna len= 1282] -> [gnl|NCBIFILE|rbcL_Het.sqn/VA-E16_1]
WARNING: valid [SEQ_FEAT.FeatContentDup] Duplicate feature FEATURE: Gene: rbcL [lcl|VA-E5_2:<1->1282] [lcl|VA-E5_2: raw, dna len= 1282]
INFO: valid [SEQ_FEAT.MultiplyAnnotatedGenes] Colliding names in gene features, but feature locations are identical FEATURE: Gene: rbcL [lcl|VA-E5_2:<1->1282] [lcl|VA-E5_2: raw, dna len= 1282]
ERROR: valid [SEQ_FEAT.NoProtRefFound] No full length Prot-ref feature applied to this Bioseq BIOSEQ: gnl|NCBIFILE|rbcL_Het.sqn/VA-E5_1: raw, aa len= 427
WARNING: valid [SEQ_FEAT.GeneXrefNeeded] Feature overlapped by 2 identical-length equivalent genes but has no cross-reference FEATURE: CDS:  [lcl|VA-E5_2:<1->1282] [lcl|VA-E5_2: raw, dna len= 1282] -> [gnl|NCBIFILE|rbcL_Het.sqn/VA-E5_1]
WARNING: valid [SEQ_FEAT.FeatContentDup] Duplicate feature FEATURE: Gene: rbcL [lcl|VA-E9_2:<1->1282] [lcl|VA-E9_2: raw, dna len= 1282]
INFO: valid [SEQ_FEAT.MultiplyAnnotatedGenes] Colliding names in gene features, but feature locations are identical FEATURE: Gene: rbcL [lcl|VA-E9_2:<1->1282] [lcl|VA-E9_2: raw, dna len= 1282]
ERROR: valid [SEQ_FEAT.NoProtRefFound] No full length Prot-ref feature applied to this Bioseq BIOSEQ: gnl|NCBIFILE|rbcL_Het.sqn/VA-E9_1: raw, aa len= 427
WARNING: valid [SEQ_FEAT.GeneXrefNeeded] Feature overlapped by 2 identical-length equivalent genes but has no cross-reference FEATURE: CDS:  [lcl|VA-E9_2:<1->1282] [lcl|VA-E9_2: raw, dna len= 1282] -> [gnl|NCBIFILE|rbcL_Het.sqn/VA-E9_1]
WARNING: valid [SEQ_FEAT.FeatContentDup] Duplicate feature FEATURE: Gene: rbcL [lcl|accEF116873:<1->1282] [lcl|accEF116873: raw, dna len= 1282]
INFO: valid [SEQ_FEAT.MultiplyAnnotatedGenes] Colliding names in gene features, but feature locations are identical FEATURE: Gene: rbcL [lcl|accEF116873:<1->1282] [lcl|accEF116873: raw, dna len= 1282]
ERROR: valid [SEQ_FEAT.NoProtRefFound] No full length Prot-ref feature applied to this Bioseq BIOSEQ: gnl|NCBIFILE|rbcL_Het.sqn/accEF116873_1: raw, aa len= 427
WARNING: valid [SEQ_FEAT.GeneXrefNeeded] Feature overlapped by 2 identical-length equivalent genes but has no cross-reference FEATURE: CDS:  [lcl|accEF116873:<1->1282] [lcl|accEF116873: raw, dna len= 1282] -> [gnl|NCBIFILE|rbcL_Het.sqn/accEF116873_1]
WARNING: valid [SEQ_FEAT.FeatContentDup] Duplicate feature FEATURE: Gene: rbcL [lcl|OH-LT1_2:<1->1282] [lcl|OH-LT1_2: raw, dna len= 1282]
INFO: valid [SEQ_FEAT.MultiplyAnnotatedGenes] Colliding names in gene features, but feature locations are identical FEATURE: Gene: rbcL [lcl|OH-LT1_2:<1->1282] [lcl|OH-LT1_2: raw, dna len= 1282]
ERROR: valid [SEQ_FEAT.NoProtRefFound] No full length Prot-ref feature applied to this Bioseq BIOSEQ: gnl|NCBIFILE|rbcL_Het.sqn/OH-LT1_1: raw, aa len= 427
WARNING: valid [SEQ_FEAT.GeneXrefNeeded] Feature overlapped by 2 identical-length equivalent genes but has no cross-reference FEATURE: CDS:  [lcl|OH-LT1_2:<1->1282] [lcl|OH-LT1_2: raw, dna len= 1282] -> [gnl|NCBIFILE|rbcL_Het.sqn/OH-LT1_1]
WARNING: valid [SEQ_FEAT.FeatContentDup] Duplicate feature FEATURE: Gene: rbcL [lcl|TX-B_2:<1->1282] [lcl|TX-B_2: raw, dna len= 1282]
INFO: valid [SEQ_FEAT.MultiplyAnnotatedGenes] Colliding names in gene features, but feature locations are identical FEATURE: Gene: rbcL [lcl|TX-B_2:<1->1282] [lcl|TX-B_2: raw, dna len= 1282]
ERROR: valid [SEQ_FEAT.NoProtRefFound] No full length Prot-ref feature applied to this Bioseq BIOSEQ: gnl|NCBIFILE|rbcL_Het.sqn/TX-B_1: raw, aa len= 427
WARNING: valid [SEQ_FEAT.GeneXrefNeeded] Feature overlapped by 2 identical-length equivalent genes but has no cross-reference FEATURE: CDS:  [lcl|TX-B_2:<1->1282] [lcl|TX-B_2: raw, dna len= 1282] -> [gnl|NCBIFILE|rbcL_Het.sqn/TX-B_1]
WARNING: valid [SEQ_FEAT.FeatContentDup] Duplicate feature FEATURE: Gene: rbcL [lcl|TX-C_2:<1->1282] [lcl|TX-C_2: raw, dna len= 1282]
INFO: valid [SEQ_FEAT.MultiplyAnnotatedGenes] Colliding names in gene features, but feature locations are identical FEATURE: Gene: rbcL [lcl|TX-C_2:<1->1282] [lcl|TX-C_2: raw, dna len= 1282]
ERROR: valid [SEQ_FEAT.NoProtRefFound] No full length Prot-ref feature applied to this Bioseq BIOSEQ: gnl|NCBIFILE|rbcL_Het.sqn/TX-C_1: raw, aa len= 427
WARNING: valid [SEQ_FEAT.GeneXrefNeeded] Feature overlapped by 2 identical-length equivalent genes but has no cross-reference FEATURE: CDS:  [lcl|TX-C_2:<1->1282] [lcl|TX-C_2: raw, dna len= 1282] -> [gnl|NCBIFILE|rbcL_Het.sqn/TX-C_1]
WARNING: valid [SEQ_FEAT.FeatContentDup] Duplicate feature FEATURE: Gene: rbcL [lcl|FL-2_2:<1->1282] [lcl|FL-2_2: raw, dna len= 1282]
INFO: valid [SEQ_FEAT.MultiplyAnnotatedGenes] Colliding names in gene features, but feature locations are identical FEATURE: Gene: rbcL [lcl|FL-2_2:<1->1282] [lcl|FL-2_2: raw, dna len= 1282]
ERROR: valid [SEQ_FEAT.NoProtRefFound] No full length Prot-ref feature applied to this Bioseq BIOSEQ: gnl|NCBIFILE|rbcL_Het.sqn/FL-2_1: raw, aa len= 427
WARNING: valid [SEQ_FEAT.GeneXrefNeeded] Feature overlapped by 2 identical-length equivalent genes but has no cross-reference FEATURE: CDS:  [lcl|FL-2_2:<1->1282] [lcl|FL-2_2: raw, dna len= 1282] -> [gnl|NCBIFILE|rbcL_Het.sqn/FL-2_1]
WARNING: valid [SEQ_FEAT.FeatContentDup] Duplicate feature FEATURE: Gene: rbcL [lcl|NC-21_2:<1->1282] [lcl|NC-21_2: raw, dna len= 1282]
INFO: valid [SEQ_FEAT.MultiplyAnnotatedGenes] Colliding names in gene features, but feature locations are identical FEATURE: Gene: rbcL [lcl|NC-21_2:<1->1282] [lcl|NC-21_2: raw, dna len= 1282]
ERROR: valid [SEQ_FEAT.NoProtRefFound] No full length Prot-ref feature applied to this Bioseq BIOSEQ: gnl|NCBIFILE|rbcL_Het.sqn/NC-21_1: raw, aa len= 427
WARNING: valid [SEQ_FEAT.GeneXrefNeeded] Feature overlapped by 2 identical-length equivalent genes but has no cross-reference FEATURE: CDS:  [lcl|NC-21_2:<1->1282] [lcl|NC-21_2: raw, dna len= 1282] -> [gnl|NCBIFILE|rbcL_Het.sqn/NC-21_1]
WARNING: valid [SEQ_FEAT.FeatContentDup] Duplicate feature FEATURE: Gene: rbcL [lcl|NC-1_2:<1->1282] [lcl|NC-1_2: raw, dna len= 1282]
INFO: valid [SEQ_FEAT.MultiplyAnnotatedGenes] Colliding names in gene features, but feature locations are identical FEATURE: Gene: rbcL [lcl|NC-1_2:<1->1282] [lcl|NC-1_2: raw, dna len= 1282]
ERROR: valid [SEQ_FEAT.NoProtRefFound] No full length Prot-ref feature applied to this Bioseq BIOSEQ: gnl|NCBIFILE|rbcL_Het.sqn/NC-1_1: raw, aa len= 427
WARNING: valid [SEQ_FEAT.GeneXrefNeeded] Feature overlapped by 2 identical-length equivalent genes but has no cross-reference FEATURE: CDS:  [lcl|NC-1_2:<1->1282] [lcl|NC-1_2: raw, dna len= 1282] -> [gnl|NCBIFILE|rbcL_Het.sqn/NC-1_1]
WARNING: valid [SEQ_FEAT.FeatContentDup] Duplicate feature FEATURE: Gene: rbcL [lcl|IN-4_2:<1->1282] [lcl|IN-4_2: raw, dna len= 1282]
INFO: valid [SEQ_FEAT.MultiplyAnnotatedGenes] Colliding names in gene features, but feature locations are identical FEATURE: Gene: rbcL [lcl|IN-4_2:<1->1282] [lcl|IN-4_2: raw, dna len= 1282]
ERROR: valid [SEQ_FEAT.NoProtRefFound] No full length Prot-ref feature applied to this Bioseq BIOSEQ: gnl|NCBIFILE|rbcL_Het.sqn/IN-4_1: raw, aa len= 427
WARNING: valid [SEQ_FEAT.GeneXrefNeeded] Feature overlapped by 2 identical-length equivalent genes but has no cross-reference FEATURE: CDS:  [lcl|IN-4_2:<1->1282] [lcl|IN-4_2: raw, dna len= 1282] -> [gnl|NCBIFILE|rbcL_Het.sqn/IN-4_1]
WARNING: valid [SEQ_FEAT.FeatContentDup] Duplicate feature FEATURE: Gene: rbcL [lcl|RI-P3_2:<1->1282] [lcl|RI-P3_2: raw, dna len= 1282]
INFO: valid [SEQ_FEAT.MultiplyAnnotatedGenes] Colliding names in gene features, but feature locations are identical FEATURE: Gene: rbcL [lcl|RI-P3_2:<1->1282] [lcl|RI-P3_2: raw, dna len= 1282]
ERROR: valid [SEQ_FEAT.NoProtRefFound] No full length Prot-ref feature applied to this Bioseq BIOSEQ: gnl|NCBIFILE|rbcL_Het.sqn/RI-P3_1: raw, aa len= 427
WARNING: valid [SEQ_FEAT.GeneXrefNeeded] Feature overlapped by 2 identical-length equivalent genes but has no cross-reference FEATURE: CDS:  [lcl|RI-P3_2:<1->1282] [lcl|RI-P3_2: raw, dna len= 1282] -> [gnl|NCBIFILE|rbcL_Het.sqn/RI-P3_1]
WARNING: valid [SEQ_FEAT.FeatContentDup] Duplicate feature FEATURE: Gene: rbcL [lcl|NY-P_2:<1->1282] [lcl|NY-P_2: raw, dna len= 1282]
INFO: valid [SEQ_FEAT.MultiplyAnnotatedGenes] Colliding names in gene features, but feature locations are identical FEATURE: Gene: rbcL [lcl|NY-P_2:<1->1282] [lcl|NY-P_2: raw, dna len= 1282]
ERROR: valid [SEQ_FEAT.NoProtRefFound] No full length Prot-ref feature applied to this Bioseq BIOSEQ: gnl|NCBIFILE|rbcL_Het.sqn/NY-P_1: raw, aa len= 427
WARNING: valid [SEQ_FEAT.GeneXrefNeeded] Feature overlapped by 2 identical-length equivalent genes but has no cross-reference FEATURE: CDS:  [lcl|NY-P_2:<1->1282] [lcl|NY-P_2: raw, dna len= 1282] -> [gnl|NCBIFILE|rbcL_Het.sqn/NY-P_1]
WARNING: valid [SEQ_FEAT.FeatContentDup] Duplicate feature FEATURE: Gene: rbcL [lcl|RI-P1_2:<1->1282] [lcl|RI-P1_2: raw, dna len= 1282]
INFO: valid [SEQ_FEAT.MultiplyAnnotatedGenes] Colliding names in gene features, but feature locations are identical FEATURE: Gene: rbcL [lcl|RI-P1_2:<1->1282] [lcl|RI-P1_2: raw, dna len= 1282]
ERROR: valid [SEQ_FEAT.NoProtRefFound] No full length Prot-ref feature applied to this Bioseq BIOSEQ: gnl|NCBIFILE|rbcL_Het.sqn/RI-P1_1: raw, aa len= 427
WARNING: valid [SEQ_FEAT.GeneXrefNeeded] Feature overlapped by 2 identical-length equivalent genes but has no cross-reference FEATURE: CDS:  [lcl|RI-P1_2:<1->1282] [lcl|RI-P1_2: raw, dna len= 1282] -> [gnl|NCBIFILE|rbcL_Het.sqn/RI-P1_1]
WARNING: valid [SEQ_FEAT.FeatContentDup] Duplicate feature FEATURE: Gene: rbcL [lcl|accGU457346:<1->1282] [lcl|accGU457346: raw, dna len= 1282]
INFO: valid [SEQ_FEAT.MultiplyAnnotatedGenes] Colliding names in gene features, but feature locations are identical FEATURE: Gene: rbcL [lcl|accGU457346:<1->1282] [lcl|accGU457346: raw, dna len= 1282]
ERROR: valid [SEQ_FEAT.NoProtRefFound] No full length Prot-ref feature applied to this Bioseq BIOSEQ: gnl|NCBIFILE|rbcL_Het.sqn/accGU457346_1: raw, aa len= 427
WARNING: valid [SEQ_FEAT.GeneXrefNeeded] Feature overlapped by 2 identical-length equivalent genes but has no cross-reference FEATURE: CDS:  [lcl|accGU457346:<1->1282] [lcl|accGU457346: raw, dna len= 1282] -> [gnl|NCBIFILE|rbcL_Het.sqn/accGU457346_1]
WARNING: valid [SEQ_FEAT.FeatContentDup] Duplicate feature FEATURE: Gene: rbcL [lcl|accGU457347:<1->1282] [lcl|accGU457347: raw, dna len= 1282]
INFO: valid [SEQ_FEAT.MultiplyAnnotatedGenes] Colliding names in gene features, but feature locations are identical FEATURE: Gene: rbcL [lcl|accGU457347:<1->1282] [lcl|accGU457347: raw, dna len= 1282]
ERROR: valid [SEQ_FEAT.NoProtRefFound] No full length Prot-ref feature applied to this Bioseq BIOSEQ: gnl|NCBIFILE|rbcL_Het.sqn/accGU457347_1: raw, aa len= 427
WARNING: valid [SEQ_FEAT.GeneXrefNeeded] Feature overlapped by 2 identical-length equivalent genes but has no cross-reference FEATURE: CDS:  [lcl|accGU457347:<1->1282] [lcl|accGU457347: raw, dna len= 1282] -> [gnl|NCBIFILE|rbcL_Het.sqn/accGU457347_1]
WARNING: valid [SEQ_FEAT.FeatContentDup] Duplicate feature FEATURE: Gene: rbcL [lcl|SC-S_2:<1->1282] [lcl|SC-S_2: raw, dna len= 1282]
INFO: valid [SEQ_FEAT.MultiplyAnnotatedGenes] Colliding names in gene features, but feature locations are identical FEATURE: Gene: rbcL [lcl|SC-S_2:<1->1282] [lcl|SC-S_2: raw, dna len= 1282]
ERROR: valid [SEQ_FEAT.NoProtRefFound] No full length Prot-ref feature applied to this Bioseq BIOSEQ: gnl|NCBIFILE|rbcL_Het.sqn/SC-S_1: raw, aa len= 427
WARNING: valid [SEQ_FEAT.GeneXrefNeeded] Feature overlapped by 2 identical-length equivalent genes but has no cross-reference FEATURE: CDS:  [lcl|SC-S_2:<1->1282] [lcl|SC-S_2: raw, dna len= 1282] -> [gnl|NCBIFILE|rbcL_Het.sqn/SC-S_1]
WARNING: valid [SEQ_FEAT.FeatContentDup] Duplicate feature FEATURE: Gene: rbcL [lcl|SC-R_2:<1->1282] [lcl|SC-R_2: raw, dna len= 1282]
INFO: valid [SEQ_FEAT.MultiplyAnnotatedGenes] Colliding names in gene features, but feature locations are identical FEATURE: Gene: rbcL [lcl|SC-R_2:<1->1282] [lcl|SC-R_2: raw, dna len= 1282]
ERROR: valid [SEQ_FEAT.NoProtRefFound] No full length Prot-ref feature applied to this Bioseq BIOSEQ: gnl|NCBIFILE|rbcL_Het.sqn/SC-R_1: raw, aa len= 427
WARNING: valid [SEQ_FEAT.GeneXrefNeeded] Feature overlapped by 2 identical-length equivalent genes but has no cross-reference FEATURE: CDS:  [lcl|SC-R_2:<1->1282] [lcl|SC-R_2: raw, dna len= 1282] -> [gnl|NCBIFILE|rbcL_Het.sqn/SC-R_1]
WARNING: valid [SEQ_FEAT.FeatContentDup] Duplicate feature FEATURE: Gene: rbcL [lcl|OH-SF_2:<1->1282] [lcl|OH-SF_2: raw, dna len= 1282]
INFO: valid [SEQ_FEAT.MultiplyAnnotatedGenes] Colliding names in gene features, but feature locations are identical FEATURE: Gene: rbcL [lcl|OH-SF_2:<1->1282] [lcl|OH-SF_2: raw, dna len= 1282]
ERROR: valid [SEQ_FEAT.NoProtRefFound] No full length Prot-ref feature applied to this Bioseq BIOSEQ: gnl|NCBIFILE|rbcL_Het.sqn/OH-SF_1: raw, aa len= 427
WARNING: valid [SEQ_FEAT.GeneXrefNeeded] Feature overlapped by 2 identical-length equivalent genes but has no cross-reference FEATURE: CDS:  [lcl|OH-SF_2:<1->1282] [lcl|OH-SF_2: raw, dna len= 1282] -> [gnl|NCBIFILE|rbcL_Het.sqn/OH-SF_1]
WARNING: valid [SEQ_FEAT.FeatContentDup] Duplicate feature FEATURE: Gene: rbcL [lcl|NY-S_2:<1->1282] [lcl|NY-S_2: raw, dna len= 1282]
INFO: valid [SEQ_FEAT.MultiplyAnnotatedGenes] Colliding names in gene features, but feature locations are identical FEATURE: Gene: rbcL [lcl|NY-S_2:<1->1282] [lcl|NY-S_2: raw, dna len= 1282]
ERROR: valid [SEQ_FEAT.NoProtRefFound] No full length Prot-ref feature applied to this Bioseq BIOSEQ: gnl|NCBIFILE|rbcL_Het.sqn/NY-S_1: raw, aa len= 427
WARNING: valid [SEQ_FEAT.GeneXrefNeeded] Feature overlapped by 2 identical-length equivalent genes but has no cross-reference FEATURE: CDS:  [lcl|NY-S_2:<1->1282] [lcl|NY-S_2: raw, dna len= 1282] -> [gnl|NCBIFILE|rbcL_Het.sqn/NY-S_1]
WARNING: valid [SEQ_FEAT.FeatContentDup] Duplicate feature FEATURE: Gene: rbcL [lcl|AL-S3_2:<1->1282] [lcl|AL-S3_2: raw, dna len= 1282]
INFO: valid [SEQ_FEAT.MultiplyAnnotatedGenes] Colliding names in gene features, but feature locations are identical FEATURE: Gene: rbcL [lcl|AL-S3_2:<1->1282] [lcl|AL-S3_2: raw, dna len= 1282]
ERROR: valid [SEQ_FEAT.NoProtRefFound] No full length Prot-ref feature applied to this Bioseq BIOSEQ: gnl|NCBIFILE|rbcL_Het.sqn/AL-S3_1: raw, aa len= 427
WARNING: valid [SEQ_FEAT.GeneXrefNeeded] Feature overlapped by 2 identical-length equivalent genes but has no cross-reference FEATURE: CDS:  [lcl|AL-S3_2:<1->1282] [lcl|AL-S3_2: raw, dna len= 1282] -> [gnl|NCBIFILE|rbcL_Het.sqn/AL-S3_1]
WARNING: valid [SEQ_FEAT.FeatContentDup] Duplicate feature FEATURE: Gene: rbcL [lcl|AL-S5_2:<1->1282] [lcl|AL-S5_2: raw, dna len= 1282]
INFO: valid [SEQ_FEAT.MultiplyAnnotatedGenes] Colliding names in gene features, but feature locations are identical FEATURE: Gene: rbcL [lcl|AL-S5_2:<1->1282] [lcl|AL-S5_2: raw, dna len= 1282]
ERROR: valid [SEQ_FEAT.NoProtRefFound] No full length Prot-ref feature applied to this Bioseq BIOSEQ: gnl|NCBIFILE|rbcL_Het.sqn/AL-S5_1: raw, aa len= 427
WARNING: valid [SEQ_FEAT.GeneXrefNeeded] Feature overlapped by 2 identical-length equivalent genes but has no cross-reference FEATURE: CDS:  [lcl|AL-S5_2:<1->1282] [lcl|AL-S5_2: raw, dna len= 1282] -> [gnl|NCBIFILE|rbcL_Het.sqn/AL-S5_1]
WARNING: valid [SEQ_FEAT.FeatContentDup] Duplicate feature FEATURE: Gene: rbcL [lcl|VA-S_2:<1->1282] [lcl|VA-S_2: raw, dna len= 1282]
INFO: valid [SEQ_FEAT.MultiplyAnnotatedGenes] Colliding names in gene features, but feature locations are identical FEATURE: Gene: rbcL [lcl|VA-S_2:<1->1282] [lcl|VA-S_2: raw, dna len= 1282]
ERROR: valid [SEQ_FEAT.NoProtRefFound] No full length Prot-ref feature applied to this Bioseq BIOSEQ: gnl|NCBIFILE|rbcL_Het.sqn/VA-S_1: raw, aa len= 427
WARNING: valid [SEQ_FEAT.GeneXrefNeeded] Feature overlapped by 2 identical-length equivalent genes but has no cross-reference FEATURE: CDS:  [lcl|VA-S_2:<1->1282] [lcl|VA-S_2: raw, dna len= 1282] -> [gnl|NCBIFILE|rbcL_Het.sqn/VA-S_1]
WARNING: valid [SEQ_FEAT.FeatContentDup] Duplicate feature FEATURE: Gene: rbcL [lcl|accAY297054:<1->1282] [lcl|accAY297054: raw, dna len= 1282]
INFO: valid [SEQ_FEAT.MultiplyAnnotatedGenes] Colliding names in gene features, but feature locations are identical FEATURE: Gene: rbcL [lcl|accAY297054:<1->1282] [lcl|accAY297054: raw, dna len= 1282]
ERROR: valid [SEQ_FEAT.NoProtRefFound] No full length Prot-ref feature applied to this Bioseq BIOSEQ: gnl|NCBIFILE|rbcL_Het.sqn/accAY297054_1: raw, aa len= 427
WARNING: valid [SEQ_FEAT.GeneXrefNeeded] Feature overlapped by 2 identical-length equivalent genes but has no cross-reference FEATURE: CDS:  [lcl|accAY297054:<1->1282] [lcl|accAY297054: raw, dna len= 1282] -> [gnl|NCBIFILE|rbcL_Het.sqn/accAY297054_1]
WARNING: valid [SEQ_FEAT.FeatContentDup] Duplicate feature FEATURE: Gene: rbcL [lcl|ME-T2:<1->1282] [lcl|ME-T2: raw, dna len= 1282]
INFO: valid [SEQ_FEAT.MultiplyAnnotatedGenes] Colliding names in gene features, but feature locations are identical FEATURE: Gene: rbcL [lcl|ME-T2:<1->1282] [lcl|ME-T2: raw, dna len= 1282]
ERROR: valid [SEQ_FEAT.NoProtRefFound] No full length Prot-ref feature applied to this Bioseq BIOSEQ: gnl|NCBIFILE|rbcL_Het.sqn/ME-T2_1: raw, aa len= 427
WARNING: valid [SEQ_FEAT.GeneXrefNeeded] Feature overlapped by 2 identical-length equivalent genes but has no cross-reference FEATURE: CDS:  [lcl|ME-T2:<1->1282] [lcl|ME-T2: raw, dna len= 1282] -> [gnl|NCBIFILE|rbcL_Het.sqn/ME-T2_1]
WARNING: valid [SEQ_FEAT.FeatContentDup] Duplicate feature FEATURE: Gene: rbcL [lcl|WI-0202_2:<1->1282] [lcl|WI-0202_2: raw, dna len= 1282]
INFO: valid [SEQ_FEAT.MultiplyAnnotatedGenes] Colliding names in gene features, but feature locations are identical FEATURE: Gene: rbcL [lcl|WI-0202_2:<1->1282] [lcl|WI-0202_2: raw, dna len= 1282]
ERROR: valid [SEQ_FEAT.NoProtRefFound] No full length Prot-ref feature applied to this Bioseq BIOSEQ: gnl|NCBIFILE|rbcL_Het.sqn/WI-0202_1: raw, aa len= 427
WARNING: valid [SEQ_FEAT.GeneXrefNeeded] Feature overlapped by 2 identical-length equivalent genes but has no cross-reference FEATURE: CDS:  [lcl|WI-0202_2:<1->1282] [lcl|WI-0202_2: raw, dna len= 1282] -> [gnl|NCBIFILE|rbcL_Het.sqn/WI-0202_1]
ERROR: valid [SEQ_FEAT.NoProtRefFound] No full length Prot-ref feature applied to this Bioseq BIOSEQ: gnl|NCBIFILE|DarylSeqs.sqn/BG1_1: raw, aa len= 221
ERROR: valid [SEQ_FEAT.SuspiciousFrame] Suspicious CDS location - frame > 1 but not 5' partial FEATURE: CDS:  [lcl|BG1:1-664] [lcl|BG1: raw, dna len= 664] -> [gnl|NCBIFILE|DarylSeqs.sqn/BG1_1]
ERROR: valid [SEQ_FEAT.NoStop] Missing stop codon FEATURE: CDS:  [lcl|BG1:1-664] [lcl|BG1: raw, dna len= 664] -> [gnl|NCBIFILE|DarylSeqs.sqn/BG1_1]
ERROR: valid [SEQ_FEAT.NoProtRefFound] No full length Prot-ref feature applied to this Bioseq BIOSEQ: gnl|NCBIFILE|DarylSeqs.sqn/B_gel_VA1_1: raw, aa len= 410
ERROR: valid [SEQ_FEAT.SuspiciousFrame] Suspicious CDS location - frame > 1 but not 5' partial FEATURE: CDS:  [lcl|B_gel_VA1:1-1232] [lcl|B_gel_VA1: raw, dna len= 1232] -> [gnl|NCBIFILE|DarylSeqs.sqn/B_gel_VA1_1]
ERROR: valid [SEQ_FEAT.NoStop] Missing stop codon FEATURE: CDS:  [lcl|B_gel_VA1:1-1232] [lcl|B_gel_VA1: raw, dna len= 1232] -> [gnl|NCBIFILE|DarylSeqs.sqn/B_gel_VA1_1]
ERROR: valid [SEQ_FEAT.NoProtRefFound] No full length Prot-ref feature applied to this Bioseq BIOSEQ: gnl|NCBIFILE|DarylSeqs.sqn/Lemanea_fucina_1: raw, aa len= 410
ERROR: valid [SEQ_FEAT.SuspiciousFrame] Suspicious CDS location - frame > 1 but not 5' partial FEATURE: CDS:  [lcl|Lemanea_fucina:1-1232] [lcl|Lemanea_fucina: raw, dna len= 1232] -> [gnl|NCBIFILE|DarylSeqs.sqn/Lemanea_fucina_1]
ERROR: valid [SEQ_FEAT.NoStop] Missing stop codon FEATURE: CDS:  [lcl|Lemanea_fucina:1-1232] [lcl|Lemanea_fucina: raw, dna len= 1232] -> [gnl|NCBIFILE|DarylSeqs.sqn/Lemanea_fucina_1]
end-of-file
